******************************************************************************
            TI ARM Clang Linker PC v2.1.3                      
******************************************************************************
>> Linked Thu Aug 24 18:25:32 2023

OUTPUT FILE NAME:   <uart2callback_LP_CC1352P7_1_tirtos7_ticlang.out>
ENTRY POINT SYMBOL: "ResetISR"  address: 00004b67


MEMORY CONFIGURATION

         name            origin    length      used     unused   attr    fill
----------------------  --------  ---------  --------  --------  ----  --------
  FLASH                 00000000   000b0000  000057b4  000aa84c  R  X
  GPRAM                 11000000   00002000  00000000  00002000  RW X
  SRAM                  20000000   00024000  000053b9  0001ec47  RW X
  LOG_DATA              90000000   00040000  00000000  00040000  R   
  LOG_PTR               94000008   00040000  00000000  00040000  R   


SEGMENT ALLOCATION MAP

run origin  load origin   length   init length attrs members
----------  ----------- ---------- ----------- ----- -------
00000000    00000000    00005660   00005660    r-x
  00000000    00000000    0000003c   0000003c    r-- .resetVecs
  0000003c    0000003c    00004b50   00004b50    r-x .text
  00004b90    00004b90    00000ad0   00000ad0    r-- .rodata
00005660    00005660    00000008   00000008    rw-
  00005660    00005660    00000008   00000008    rw- .args
00005668    00005668    000000f8   000000f8    r--
  00005668    00005668    000000f8   000000f8    r-- .cinit
000affa8    000affa8    00000058   00000058    r--
  000affa8    000affa8    00000058   00000058    r-- .ccfg
20000000    20000000    00000cc5   00000000    rw-
  20000000    20000000    0000090c   00000000    rw- .bss
  20000910    20000910    000003b5   00000000    rw- .data
20001810    20001810    00000010   00000000    rw-
  20001810    20001810    00000010   00000000    rw- .TI.bound:dmaUart0RxControlTableEntry
20001820    20001820    00000010   00000000    rw-
  20001820    20001820    00000010   00000000    rw- .TI.bound:dmaUart0TxControlTableEntry
20001830    20001830    00004000   00000000    r--
  20001830    20001830    00004000   00000000    r-- .priheap
20023a00    20023a00    00000600   00000000    rw-
  20023a00    20023a00    00000600   00000000    rw- .stack


SECTION ALLOCATION MAP

 output                                  attributes/
section   page    origin      length       input sections
--------  ----  ----------  ----------   ----------------
.resetVecs 
*          0    00000000    0000003c     
                  00000000    0000003c     ti_sysbios_config.o (.resetVecs)

.binit     0    00000000    00000000     

.cinit     0    00005668    000000f8     
                  00005668    000000b3     (.cinit..data.load) [load image, compression = lzss]
                  0000571b    00000001     --HOLE-- [fill = 0]
                  0000571c    0000000c     (__TI_handler_table)
                  00005728    00000008     (.cinit..TI.bound:dmaUart0RxControlTableEntry.load) [load image, compression = zero_init]
                  00005730    00000008     (.cinit..TI.bound:dmaUart0TxControlTableEntry.load) [load image, compression = zero_init]
                  00005738    00000008     (.cinit..bss.load) [load image, compression = zero_init]
                  00005740    00000020     (__TI_cinit_table)

.init_array 
*          0    00000000    00000000     UNINITIALIZED

.ccfg      0    000affa8    00000058     
                  000affa8    00000058     ti_devices_config.o (.ccfg)

.bss       0    20000000    0000090c     UNINITIALIZED
                  20000000    00000200     (.common:ti_sysbios_knl_Idle_taskStack)
                  20000200    00000170     (.common:uart2CC26X2Objects)
                  20000370    000000d8     (.common:ti_sysbios_family_arm_m3_Hwi_dispatchTable)
                  20000448    0000007c     (.common:gpioCallbackFunctions)
                  200004c4    0000007c     (.common:gpioUserArgs)
                  20000540    00000064     (.common:data)
                  200005a4    00000064     (.common:data_standark)
                  20000608    00000064     (.common:str)
                  2000066c    00000004     driverlib.lib : osc.o (.bss.oscHfGlobals.0)
                  20000670    00000060     (.common:ti_sysbios_knl_ClockSupport_timerStruct)
                  200006d0    00000058     (.common:ti_sysbios_knl_Idle_taskStruct)
                  20000728    00000030     (.common:ti_sysbios_knl_Swi_readyQs)
                  20000758    00000030     (.common:ti_sysbios_knl_Task_readyQs)
                  20000788    0000002c     (.common:BIOS_heapMemObject)
                  200007b4    00000028     (.common:BIOS_rtsGate)
                  200007dc    00000028     (.common:ti_sysbios_heaps_HeapMem_gate)
                  20000804    00000020     ti_drivers_config.o (.bss.uart2RxRingBuffer0)
                  20000824    00000020     ti_drivers_config.o (.bss.uart2TxRingBuffer0)
                  20000844    00000020     (.common:ti_sysbios_runtime_System_atexitHandlers)
                  20000864    00000020     (.common:udmaCC26XXObject)
                  20000884    0000001c     drivers_cc13x2x7.a : GPIOCC26X2.c.obj (.bss.gpioHwi)
                  200008a0    0000001c     ti_sysbios_config.o (.bss.sem)
                  200008bc    00000014     (.common:delay)
                  200008d0    00000014     (.common:first)
                  200008e4    00000004     driverlib.lib : osc.o (.bss.oscHfGlobals.2)
                  200008e8    00000004                   : osc.o (.bss.oscHfGlobals.3)
                  200008ec    00000004                   : osc.o (.bss.oscHfGlobals.4)
                  200008f0    00000004     (.common:PowerCC26XX_swiKey)
                  200008f4    00000004     (.common:PowerCC26XX_taskKey)
                  200008f8    00000004     (.common:i)
                  200008fc    00000004     (.common:ptr)
                  20000900    00000004     (.common:ti_sysbios_family_arm_cc26xx_TimestampProvider_Module_state)
                  20000904    00000004     (.common:ti_sysbios_knl_Task_defaultStackHeap)
                  20000908    00000004     (.common:time_delay)

.data      0    20000910    000003b5     UNINITIALIZED
                  20000910    00000174     drivers_cc13x2x7.a : PowerCC26X2.c.obj (.data.PowerCC26X2_module)
                  20000a84    0000007c     ti_drivers_config.o (.data.gpioPinConfigs)
                  20000b00    00000068     ti_sysbios_config.o (.data..L_MergedGlobals.71)
                  20000b68    00000068     ti_sysbios_config.o (.data..L_MergedGlobals)
                  20000bd0    00000068     ti_sysbios_config.o (.data.ti_sysbios_knl_Clock_Module_state)
                  20000c38    0000003c     ti_sysbios_config.o (.data.ti_sysbios_knl_Task_Module_state)
                  20000c74    00000014     ti_sysbios_config.o (.data.defaultPthreadAttrs)
                  20000c88    00000010     driverlib.lib : osc.o (.data._hposcCoeffs)
                  20000c98    00000008     ti_sysbios_config.o (.data.ti_sysbios_gates_GateMutex_Module_state)
                  20000ca0    00000008     ti_sysbios_config.o (.data.ti_sysbios_heaps_HeapMem_Module_state)
                  20000ca8    00000008     ti_sysbios_config.o (.data.ti_sysbios_knl_Semaphore_Module_state)
                  20000cb0    00000004     drivers_cc13x2x7.a : PowerCC26X2.c.obj (.data.PowerCC26X2_rtcSubSecInc)
                  20000cb4    00000004     libc.a : aeabi_portable.c.obj (.data.__aeabi_errno)
                  20000cb8    00000004            : _lock.c.obj (.data._lock)
                  20000cbc    00000004            : _lock.c.obj (.data._unlock)
                  20000cc0    00000004            : strtok.c.obj (.data.last_end)
                  20000cc4    00000001     drivers_cc13x2x7.a : GPIOCC26X2.c.obj (.data.initCalled)

.ramVecs   0    20000d00    000000d8     NOLOAD SECTION
                  20000d00    000000d8     ti_sysbios_config.o (.ramVecs)

.stack     0    20023a00    00000600     UNINITIALIZED
                  20023a00    00000004     sysbios.a : boot_cortex_m.c.obj (.stack)
                  20023a04    000005fc     --HOLE--

.priheap   0    20001830    00004000     UNINITIALIZED
                  20001830    00004000     --HOLE--

.log_data 
*          0    90000000    00000000     COPY SECTION

.log_ptr   0    94000008    00000000     COPY SECTION

.text      0    0000003c    00004b50     
                  0000003c    000001f0     drivers_cc13x2x7.a : UART2CC26X2.c.obj (.text.UART2CC26X2_hwiIntFxn)
                  0000022c    000001d2                        : UART2.c.obj (.text.UART2_readTimeout)
                  000003fe    00000002     ti_sysbios_config.o (.text.BIOS_nullFunc)
                  00000400    00000194     drivers_cc13x2x7.a : PowerCC26X2_calibrateRCOSC.c.obj (.text.PowerCC26X2_auxISR)
                  00000594    0000018c                        : UART2CC26X2.c.obj (.text.UART2_open)
                  00000720    00000174                        : UART2.c.obj (.text.UART2_writeTimeoutBlocking)
                  00000894    00000158                        : PowerCC26X2.c.obj (.text.Power_sleep)
                  000009ec    00000120     ti_sysbios_config.o (.text.ti_sysbios_family_arm_cc26xx_Timer_construct)
                  00000b0c    0000011c     sysbios.a : Hwi_asm_gcc.s.obj (.text.ti_sysbios_family_arm_m3_Hwi_dispatch)
                  00000c28    0000011a     drivers_cc13x2x7.a : UART2.c.obj (.text.UART2_writeTimeoutNonblocking)
                  00000d42    00000002     ti_drivers_config.o (.text.Board_initHook)
                  00000d44    00000118     drivers_cc13x2x7.a : PowerCC26X2.c.obj (.text.Power_init)
                  00000e5c    0000010c                        : PowerCC26X2_calibrateRCOSC.c.obj (.text.PowerCC26X2_calibrate)
                  00000f68    00000104                        : GPIOCC26X2.c.obj (.text.GPIO_init)
                  0000106c    00000104     driverlib.lib : sys_ctrl.o (.text.NOROM_SysCtrlStandby)
                  00001170    00000104     drivers_cc13x2x7.a : UART2CC26X2.c.obj (.text.UART2CC26X2_initHw)
                  00001274    000000f0                        : UART2CC26X2.c.obj (.text.UART2Support_dmaStartRx)
                  00001364    000000e4     driverlib.lib : setup.o (.text.NOROM_SetupTrimDevice)
                  00001448    000000e4     ti_sysbios_config.o (.text.ti_sysbios_knl_Semaphore_pend)
                  0000152c    000000d8     ti_sysbios_config.o (.text.pthread_create)
                  00001604    000000d8     ti_sysbios_config.o (.text.ti_sysbios_family_arm_m3_Hwi_excFillContext)
                  000016dc    000000d0     drivers_cc13x2x7.a : PowerCC26X2.c.obj (.text.configureXOSCHF)
                  000017ac    000000cc     ti_sysbios_config.o (.text.ti_sysbios_knl_Clock_workFuncDynamic)
                  00001878    000000c0     driverlib.lib : setup.o (.text.TrimAfterColdResetWakeupFromShutDown)
                  00001938    000000bc     drivers_cc13x2x7.a : UART2CC26X2.c.obj (.text.UART2Support_dmaStartTx)
                  000019f4    000000b8     ti_sysbios_config.o (.text.ti_sysbios_knl_Task_Instance_finalize)
                  00001aac    000000b4     driverlib.lib : osc.o (.text.NOROM_OSCHF_AttemptToSwitchToXosc)
                  00001b60    000000b4     ti_sysbios_config.o (.text.PowerCC26XX_standbyPolicy)
                  00001c14    000000b4     drivers_cc13x2x7.a : PowerCC26X2.c.obj (.text.Power_releaseDependency)
                  00001cc8    000000b4     uart2callback.o (.text.callbackFxn)
                  00001d7c    000000b4     ti_sysbios_config.o (.text.ti_sysbios_knl_Task_setPri)
                  00001e30    000000b0     drivers_cc13x2x7.a : PowerCC26X2.c.obj (.text.Power_setDependency)
                  00001ee0    000000b0     libclang_rt.builtins.a : udivmoddi4.S.obj (.text)
                  00001f90    000000a4     ti_sysbios_config.o (.text.ti_sysbios_knl_Task_Instance_init)
                  00002034    00000094     ti_sysbios_config.o (.text.ti_sysbios_knl_Clock_startI)
                  000020c8    00000094     ti_sysbios_config.o (.text.ti_sysbios_knl_Task_sleep)
                  0000215c    00000090     drivers_cc13x2x7.a : GPIOCC26XX.c.obj (.text.GPIO_setConfigAndMux)
                  000021ec    0000008c     ti_sysbios_config.o (.text.ti_sysbios_knl_Clock_init)
                  00002278    00000088     uart2callback.o (.text.mainThread)
                  00002300    00000080     drivers_cc13x2x7.a : UART2CC26X2.c.obj (.text.UART2Support_dmaStopTx)
                  00002380    00000080     ti_sysbios_config.o (.text.ti_sysbios_family_arm_m3_Hwi_initNVIC)
                  00002400    0000007c     ti_sysbios_config.o (.text.ti_sysbios_family_arm_m3_Hwi_postInit)
                  0000247c    00000078     driverlib.lib : osc.o (.text.NOROM_OSCHF_SwitchToRcOscTurnOffXosc)
                  000024f4    00000078     ti_sysbios_config.o (.text._pthread_removeThreadKeys)
                  0000256c    00000078     ti_sysbios_config.o (.text.ti_sysbios_knl_Task_postInit)
                  000025e4    00000074     drivers_cc13x2x7.a : PowerCC26X2_calibrateRCOSC_helpers.c.obj (.text.PowerCC26X2_updateSubSecInc)
                  00002658    00000074     ti_sysbios_config.o (.text.ti_sysbios_knl_Swi_restoreHwi)
                  000026cc    00000070     ti_sysbios_config.o (.text.ti_sysbios_family_arm_m3_Hwi_Instance_init)
                  0000273c    00000070     ti_sysbios_config.o (.text.ti_sysbios_knl_Task_startup)
                  000027ac    0000006c     drivers_cc13x2x7.a : PowerCC26X2.c.obj (.text.oscillatorISR)
                  00002818    0000006c     ti_sysbios_config.o (.text.ti_sysbios_family_arm_m3_Hwi_dispatchC)
                  00002884    0000006a     libc.a : copy_decompress_lzss.c.obj (.text:decompress:lzss)
                  000028ee    00000002     drivers_cc13x2x7.a : UART2CC26X2.c.obj (.text.UART2CC26X2_eventCallback)
                  000028f0    00000068                        : UART2CC26X2.c.obj (.text.UART2Support_dmaStopRx)
                  00002958    00000068     ti_sysbios_config.o (.text.ti_sysbios_knl_Swi_run)
                  000029c0    00000064     drivers_cc13x2x7.a : PowerCC26X2_calibrateRCOSC.c.obj (.text.PowerCC26X2_initiateCalibration)
                  00002a24    00000064                        : UDMACC26XX.c.obj (.text.UDMACC26XX_open)
                  00002a88    00000064     ti_sysbios_config.o (.text.ti_sysbios_knl_Idle_init)
                  00002aec    00000064     ti_sysbios_config.o (.text.ti_sysbios_knl_TaskSupport_buildTaskStack)
                  00002b50    00000060     ti_sysbios_config.o (.text.ti_sysbios_heaps_HeapMem_allocUnprotected)
                  00002bb0    00000060     ti_sysbios_config.o (.text.ti_sysbios_knl_Clock_walkQueueDynamic)
                  00002c10    00000060     ti_sysbios_config.o (.text.ti_sysbios_knl_Semaphore_post)
                  00002c70    00000060     ti_sysbios_config.o (.text.ti_sysbios_knl_Swi_schedule)
                  00002cd0    0000005c     ti_sysbios_config.o (.text.pthread_exit)
                  00002d2c    00000058     main_tirtos.o (.text.main)
                  00002d84    00000058     sysbios.a : Hwi_asm_switch_gcc.s.obj (.text.ti_sysbios_family_arm_m3_Hwi_initStacks)
                  00002ddc    00000050     ti_drivers_config.o (.text.Board_shutDownExtFlash)
                  00002e2c    00000050     ti_sysbios_config.o (.text.ti_sysbios_knl_Swi_post)
                  00002e7c    00000050     ti_sysbios_config.o (.text.ti_sysbios_knl_Swi_runLoop)
                  00002ecc    0000004e     ti_drivers_config.o (.text.Board_sendExtFlashByte)
                  00002f1a    0000004e     ti_sysbios_config.o (.text.ti_sysbios_heaps_HeapMem_freeUnprotected)
                  00002f68    0000004c     ti_sysbios_config.o (.text.BIOS_startFunc)
                  00002fb4    0000004c     driverlib.lib : osc.o (.text.NOROM_OSC_HPOSCRelativeFrequencyOffsetGet)
                  00003000    0000004c     drivers_cc13x2x7.a : PowerCC26X2.c.obj (.text.switchXOSCHF)
                  0000304c    0000004c     ti_sysbios_config.o (.text.ti_sysbios_knl_Swi_Instance_init)
                  00003098    00000048     ti_sysbios_config.o (.text.BIOS_init)
                  000030e0    00000048     driverlib.lib : aux_sysif.o (.text.NOROM_AUXSYSIFOpModeChange)
                  00003128    00000048     drivers_cc13x2x7.a : UART2.c.obj (.text.UART2_readFull)
                  00003170    00000048     libc.a : atoi.c.obj (.text.atoi)
                  000031b8    00000048     ti_sysbios_config.o (.text.ti_sysbios_family_arm_cc26xx_Timer_start)
                  00003200    00000048     ti_sysbios_config.o (.text.ti_sysbios_heaps_HeapMem_Instance_init)
                  00003248    00000048     ti_sysbios_config.o (.text.ti_sysbios_heaps_HeapMem_alloc)
                  00003290    00000048     ti_sysbios_config.o (.text.ti_sysbios_knl_Task_schedule)
                  000032d8    00000048     ti_sysbios_config.o (.text.ti_sysbios_runtime_Startup_exec)
                  00003320    00000046     drivers_cc13x2x7.a : RingBuf.c.obj (.text.RingBuf_put)
                  00003366    00000002     libclang_rt.builtins.a : aeabi_div0.c.obj (.text.__aeabi_ldiv0)
                  00003368    00000044     ti_sysbios_config.o (.text.BIOS_atExitFunc)
                  000033ac    00000044     drivers_cc13x2x7.a : GPIOCC26X2.c.obj (.text.GPIO_hwiIntFxn)
                  000033f0    00000044     driverlib.lib : prcm.o (.text.NOROM_PRCMPowerDomainsAllOff)
                  00003434    00000044                   : prcm.o (.text.NOROM_PRCMPowerDomainsAllOn)
                  00003478    00000044     ti_sysbios_config.o (.text.ti_sysbios_family_arm_m3_Hwi_construct2)
                  000034bc    00000044     ti_sysbios_config.o (.text.ti_sysbios_family_arm_m3_Hwi_disableInterrupt)
                  00003500    00000044     ti_sysbios_config.o (.text.ti_sysbios_family_arm_m3_Hwi_enableInterrupt)
                  00003544    00000044     ti_sysbios_config.o (.text.ti_sysbios_knl_Swi_restore)
                  00003588    00000040     drivers_cc13x2x7.a : PowerCC26X2_calibrateRCOSC.c.obj (.text.PowerCC26X2_RCOSC_clockFunc)
                  000035c8    00000040                        : PowerCC26X2_calibrateRCOSC_helpers.c.obj (.text.PowerCC26X2_setAclkRefSrc)
                  00003608    00000040     libc.a : strtok.c.obj (.text.strtok)
                  00003648    00000040     ti_sysbios_config.o (.text.ti_sysbios_heaps_HeapMem_getStats)
                  00003688    00000040     ti_sysbios_config.o (.text.ti_sysbios_knl_Clock_getTicksUntilInterrupt)
                  000036c8    00000040     ti_sysbios_config.o (.text.ti_sysbios_knl_Task_exit)
                  00003708    0000003c     drivers_cc13x2x7.a : GPIO.c.obj (.text.GPIO_resetConfig)
                  00003744    0000003c     ti_sysbios_config.o (.text.HwiP_construct)
                  00003780    0000003c     driverlib.lib : sys_ctrl.o (.text.NOROM_SysCtrlIdle)
                  000037bc    0000003c     drivers_cc13x2x7.a : PowerCC26X2_calibrateRCOSC_helpers.c.obj (.text.PowerCC26X2_setTdcClkSrc24M)
                  000037f8    0000003c     ti_sysbios_config.o (.text.ti_sysbios_family_arm_cc26xx_Timer_periodicStub)
                  00003834    0000003c     ti_sysbios_config.o (.text.ti_sysbios_family_arm_cc26xx_Timer_setThreshold)
                  00003870    0000003c     ti_sysbios_config.o (.text.ti_sysbios_heaps_HeapMem_construct)
                  000038ac    0000003c     ti_sysbios_config.o (.text.ti_sysbios_knl_ClockSupport_init)
                  000038e8    0000003c     ti_sysbios_config.o (.text.ti_sysbios_knl_Task_blockI)
                  00003924    0000003c     ti_sysbios_config.o (.text.ti_sysbios_knl_Task_create)
                  00003960    0000003c     ti_sysbios_config.o (.text.ti_sysbios_knl_Task_restore)
                  0000399c    0000003c     ti_sysbios_config.o (.text.ti_sysbios_runtime_Memory_alloc)
                  000039d8    00000038     drivers_cc13x2x7.a : PowerCC26X2_helpers.c.obj (.text.PowerCC26X2_oscDisableQualifiers)
                  00003a10    00000038                        : RingBuf.c.obj (.text.RingBuf_putAdvance)
                  00003a48    00000038                        : UART2.c.obj (.text.UART2_rxEnable)
                  00003a80    00000038     ti_sysbios_config.o (.text.ti_sysbios_knl_Task_processVitalTaskFlag)
                  00003ab8    00000038     libc.a : autoinit.c.obj (.text:__TI_auto_init_nobinit_nopinit)
                  00003af0    00000034     drivers_cc13x2x7.a : PowerCC26X2_helpers.c.obj (.text.PowerCC26X2_setSubSecIncToXoscLf)
                  00003b24    00000034                        : PowerCC26X2.c.obj (.text.Power_releaseConstraint)
                  00003b58    00000034                        : UART2CC26X2.c.obj (.text.UART2Support_sendData)
                  00003b8c    00000034     ti_sysbios_config.o (.text._pthread_cleanupFxn)
                  00003bc0    00000034     ti_sysbios_config.o (.text.ti_sysbios_family_arm_m3_Hwi_getStackInfo)
                  00003bf4    00000034     ti_sysbios_config.o (.text.ti_sysbios_family_arm_m3_Hwi_init)
                  00003c28    00000034     ti_sysbios_config.o (.text.ti_sysbios_knl_Clock_Instance_init)
                  00003c5c    00000034     ti_sysbios_config.o (.text.ti_sysbios_knl_Task_unblockI)
                  00003c90    00000034     ti_sysbios_config.o (.text.ti_sysbios_runtime_Error_raiseX)
                  00003cc4    00000034     sysbios.a : boot_cortex_m.c.obj (.text:_c_int00)
                  00003cf8    00000032     ti_sysbios_config.o (.text.ti_sysbios_knl_Semaphore_pendTimeout)
                  00003d2a    00000002     libc.a : _lock.c.obj (.text._nop)
                  00003d2c    00000030     ti_drivers_config.o (.text.Board_wakeUpExtFlash)
                  00003d5c    00000030     ti_sysbios_config.o (.text.ClockP_construct)
                  00003d8c    00000030     drivers_cc13x2x7.a : PowerCC26X2.c.obj (.text.Power_setConstraint)
                  00003dbc    00000030                        : PowerCC26X2.c.obj (.text.notify)
                  00003dec    00000030     ti_sysbios_config.o (.text.ti_sysbios_family_arm_m3_Hwi_excHandlerMin)
                  00003e1c    00000030     ti_sysbios_config.o (.text.ti_sysbios_heaps_HeapMem_free)
                  00003e4c    00000030     ti_sysbios_config.o (.text.ti_sysbios_knl_TaskSupport_start)
                  00003e7c    00000030     ti_sysbios_config.o (.text.ti_sysbios_runtime_System_atexit)
                  00003eac    00000030     ti_sysbios_config.o (.text.ti_sysbios_runtime_System_processAtExit)
                  00003edc    0000002e     drivers_cc13x2x7.a : RingBuf.c.obj (.text.RingBuf_getConsume)
                  00003f0a    0000002e                        : RingBuf.c.obj (.text.RingBuf_putPointer)
                  00003f38    0000002c     ti_sysbios_config.o (.text.PowerCC26XX_schedulerDisable)
                  00003f64    0000002c     drivers_cc13x2x7.a : UART2CC26X2.c.obj (.text.UART2CC26X2_getRxData)
                  00003f90    0000002c                        : UART2CC26X2.c.obj (.text.UART2Support_enableInts)
                  00003fbc    0000002c     ti_sysbios_config.o (.text._pthread_delete)
                  00003fe8    0000002c     uart2callback.o (.text.callbackTxn)
                  00004014    0000002c     ti_sysbios_config.o (.text.ti_sysbios_gates_GateMutex_enter)
                  00004040    0000002c     ti_sysbios_config.o (.text.ti_sysbios_knl_Clock_getTicks)
                  0000406c    0000002c     ti_sysbios_config.o (.text.ti_sysbios_knl_Task_restoreHwi)
                  00004098    0000002c     ti_sysbios_config.o (.text.usleep)
                  000040c4    0000002a     driverlib.lib : osc.o (.text.NOROM_OSCHF_TurnOnXosc)
                  000040ee    0000002a     drivers_cc13x2x7.a : UART2CC26X2.c.obj (.text.UART2Support_powerRelConstraint)
                  00004118    0000002a     ti_sysbios_config.o (.text.ti_sysbios_family_arm_cc26xx_Timer_setNextTick)
                  00004142    0000002a     ti_sysbios_config.o (.text.ti_sysbios_knl_Task_allBlockedFunction)
                  0000416c    00000028     ti_sysbios_config.o (.text.BIOS_registerRTSLock)
                  00004194    00000028     sysbios.a : Hwi_asm_gcc.s.obj (.text.ti_sysbios_family_arm_m3_Hwi_excHandlerAsm)
                  000041bc    00000028     ti_sysbios_config.o (.text.ti_sysbios_gates_GateMutex_Instance_init)
                  000041e4    00000028     ti_sysbios_config.o (.text.ti_sysbios_knl_Semaphore_Instance_init)
                  0000420c    00000028     ti_sysbios_config.o (.text.ti_sysbios_knl_Swi_init)
                  00004234    00000028     sysbios.a : TaskSupport_asm_gcc.s.obj (.text.ti_sysbios_knl_TaskSupport_swap)
                  0000425c    00000028     ti_sysbios_config.o (.text.ti_sysbios_knl_Task_construct)
                  00004284    00000028     ti_sysbios_config.o (.text.ti_sysbios_knl_Task_init)
                  000042ac    00000026     driverlib.lib : chipinfo.o (.text.NOROM_ThisLibraryIsFor_CC13x2x7_CC26x2x7_HaltIfViolated)
                  000042d2    00000026     drivers_cc13x2x7.a : UART2CC26X2.c.obj (.text.UART2Support_powerSetConstraint)
                  000042f8    00000024     ti_sysbios_config.o (.text.BIOS_removeRTSLock)
                  0000431c    00000024     drivers_cc13x2x7.a : List.c.obj (.text.List_put)
                  00004340    00000024                        : PowerCC26X2_calibrateRCOSC_helpers.c.obj (.text.PowerCC26X2_writeCtrim)
                  00004364    00000024                        : PowerCC26X2_calibrateRCOSC_helpers.c.obj (.text.PowerCC26X2_writeCtrimFract)
                  00004388    00000024                        : PowerCC26X2_calibrateRCOSC_helpers.c.obj (.text.PowerCC26X2_writeCtrimFractEn)
                  000043ac    00000024                        : PowerCC26X2_calibrateRCOSC_helpers.c.obj (.text.PowerCC26X2_writeRtrim)
                  000043d0    00000024                        : PowerCC26X2.c.obj (.text.Power_registerNotify)
                  000043f4    00000024     ti_sysbios_config.o (.text.ti_sysbios_family_arm_m3_Hwi_construct)
                  00004418    00000024     ti_sysbios_config.o (.text.ti_sysbios_knl_Semaphore_destruct)
                  0000443c    00000024     ti_sysbios_config.o (.text.ti_sysbios_knl_Task_enter)
                  00004460    00000022     drivers_cc13x2x7.a : RingBuf.c.obj (.text.RingBuf_getPointer)
                  00004482    00000022                        : UART2.c.obj (.text.UART2_read)
                  000044a4    00000022     libc.a : strspn.c.obj (.text.strspn)
                  000044c6    00000002     drivers_cc13x2x7.a : PowerCC26X2.c.obj (.text.emptyClockFunc)
                  000044c8    00000020                        : PowerCC26X2_helpers.c.obj (.text.PowerCC26X2_disableTCXOQual)
                  000044e8    00000020                        : PowerCC26X2_helpers.c.obj (.text.PowerCC26X2_enableTCXOQual)
                  00004508    00000020     ti_sysbios_config.o (.text.PowerCC26XX_schedulerRestore)
                  00004528    00000020     ti_sysbios_config.o (.text.SemaphoreP_constructBinary)
                  00004548    00000020     libc.a : strcspn.c.obj (.text.strcspn)
                  00004568    00000020     ti_sysbios_config.o (.text.ti_sysbios_family_arm_m3_Hwi_initStack)
                  00004588    00000020     ti_sysbios_config.o (.text.ti_sysbios_knl_Task_delete)
                  000045a8    00000020     ti_sysbios_config.o (.text.ti_sysbios_knl_Task_destruct)
                  000045c8    0000001e     drivers_cc13x2x7.a : UART2.c.obj (.text.UART2_writeTimeout)
                  000045e6    0000001e     sysbios.a : Hwi_asm_switch_gcc.s.obj (.text.ti_sysbios_family_arm_m3_Hwi_switchAndRunFunc)
                  00004604    0000001c     ti_sysbios_config.o (.text.BIOS_rtsLock)
                  00004620    0000001c     drivers_cc13x2x7.a : PowerCC26X2.c.obj (.text.Power_getTransitionLatency)
                  0000463c    0000001c     ti_sysbios_config.o (.text.ti_sysbios_knl_Idle_run)
                  00004658    0000001c     ti_sysbios_config.o (.text.ti_sysbios_knl_Queue_put)
                  00004674    0000001a     ti_sysbios_config.o (.text.ti_sysbios_knl_Task_sleepTimeout)
                  0000468e    00000002     ti_sysbios_config.o (.text.ti_sysbios_runtime_System_exitSpin)
                  00004690    00000018     ti_sysbios_config.o (.text.BIOS_exitFunc)
                  000046a8    00000018     ti_sysbios_config.o (.text.BIOS_rtsUnlock)
                  000046c0    00000018     drivers_cc13x2x7.a : GPIOCC26XX.c.obj (.text.GPIO_disableInt)
                  000046d8    00000018                        : PowerCC26X2.c.obj (.text.PowerCC26XX_calibrate)
                  000046f0    00000018                        : PowerCC26X2.c.obj (.text.Power_idleFunc)
                  00004708    00000018     ti_sysbios_config.o (.text.pthread_attr_init)
                  00004720    00000018     ti_sysbios_config.o (.text.ti_sysbios_knl_Clock_scheduleNextTick)
                  00004738    00000018     sysbios.a : TaskSupport_asm_gcc.s.obj (.text.ti_sysbios_knl_TaskSupport_glue)
                  00004750    00000018     ti_sysbios_config.o (.text.ti_sysbios_knl_Task_unblock)
                  00004768    00000018     drivers_cc13x2x7.a : UART2CC26X2.c.obj (.text.uartDmaDisable)
                  00004780    00000018                        : UART2CC26X2.c.obj (.text.uartDmaEnable)
                  00004798    00000016     ti_drivers_config.o (.text.Board_init)
                  000047ae    00000016     ti_sysbios_config.o (.text.HwiP_interruptsEnabled)
                  000047c4    00000016     ti_sysbios_config.o (.text.ti_sysbios_knl_Clock_start)
                  000047da    00000002     --HOLE-- [fill = 0]
                  000047dc    00000014     drivers_cc13x2x7.a : GPIOCC26XX.c.obj (.text.GPIO_toggle)
                  000047f0    00000014                        : UART2CC26X2.c.obj (.text.UART2CC26X2_postNotifyFxn)
                  00004804    00000014     libc.a : args_main.c.obj (.text._args_main)
                  00004818    00000014     ti_sysbios_config.o (.text.pthread_attr_setschedparam)
                  0000482c    00000014     uart2callback.o (.text.strlen)
                  00004840    00000014     ti_sysbios_config.o (.text.ti_sysbios_family_arm_m3_Hwi_switchFromBootStack)
                  00004854    00000014     libclang_rt.builtins.a : aeabi_memset.S.obj (.text)
                  00004868    00000014                            : aeabi_uldivmod.S.obj (.text)
                  0000487c    00000012     ti_sysbios_config.o (.text._pthread_runStub)
                  0000488e    00000012     libc.a : memcpy_t2.S.obj (.text:TI_memcpy_small)
                  000048a0    00000010     ti_sysbios_config.o (.text.ClockP_getCpuFreq)
                  000048b0    00000010     drivers_cc13x2x7.a : GPIOCC26XX.c.obj (.text.GPIO_write)
                  000048c0    00000010     ti_sysbios_config.o (.text.HwiP_Params_init)
                  000048d0    00000010     drivers_cc13x2x7.a : PowerCC26X2_helpers.c.obj (.text.PowerCC26X2_oscCtlClearXtal)
                  000048e0    00000010                        : PowerCC26X2_helpers.c.obj (.text.PowerCC26X2_prcmEnableCacheRetention)
                  000048f0    00000010                        : PowerCC26X2_calibrateRCOSC_helpers.c.obj (.text.PowerCC26X2_readCtrim)
                  00004900    00000010                        : PowerCC26X2_calibrateRCOSC_helpers.c.obj (.text.PowerCC26X2_readCtrimFract)
                  00004910    00000010                        : PowerCC26X2_calibrateRCOSC_helpers.c.obj (.text.PowerCC26X2_readRtrim)
                  00004920    00000010                        : PowerCC26X2_helpers.c.obj (.text.PowerCC26X2_switchToTCXO)
                  00004930    00000010                        : RingBuf.c.obj (.text.RingBuf_construct)
                  00004940    00000010                        : UART2CC26X2.c.obj (.text.UART2Support_txDone)
                  00004950    00000010     ti_sysbios_config.o (.text.ti_sysbios_family_arm_cc26xx_Timer_dynamicStub)
                  00004960    00000010     ti_sysbios_config.o (.text.ti_sysbios_family_arm_m3_Hwi_excHandler)
                  00004970    00000010     libc.a : copy_zero_init.c.obj (.text:decompress:ZI)
                  00004980    0000000e     drivers_cc13x2x7.a : PowerCC26X2.c.obj (.text.OUTLINED_FUNCTION_0)
                  0000498e    0000000e                        : UART2.c.obj (.text.UART2_write)
                  0000499c    0000000e     uart2callback.o (.text.strcpy)
                  000049aa    0000000e     drivers_cc13x2x7.a : PowerCC26X2.c.obj (.text.switchToTCXO)
                  000049b8    0000000e     ti_sysbios_config.o (.text.ti_sysbios_gates_GateMutex_leave)
                  000049c6    0000000e     libc.a : memset_t2.S.obj (.text:TI_memset_small)
                  000049d4    0000000e            : copy_decompress_none.c.obj (.text:decompress:none)
                  000049e2    00000002     --HOLE-- [fill = 0]
                  000049e4    0000000c     ti_sysbios_config.o (.text.BIOS_linkedWithIncorrectBootLibrary)
                  000049f0    0000000c     ti_sysbios_config.o (.text.BIOS_start)
                  000049fc    0000000c     ti_sysbios_config.o (.text.HwiP_disable)
                  00004a08    0000000c     driverlib.lib : cpu.o (.text.NOROM_CPUcpsid)
                  00004a14    0000000c                   : cpu.o (.text.NOROM_CPUcpsie)
                  00004a20    0000000c     drivers_cc13x2x7.a : PowerCC26X2_helpers.c.obj (.text.PowerCC26X2_oscClockSourceGet)
                  00004a2c    0000000c                        : PowerCC26X2_helpers.c.obj (.text.PowerCC26X2_setPeriphDeepSleepEnable)
                  00004a38    0000000c                        : PowerCC26X2_helpers.c.obj (.text.PowerCC26X2_sysCtrlGetResetSource)
                  00004a44    0000000c                        : PowerCC26X2_helpers.c.obj (.text.PowerCC26X2_sysCtrlUpdateVoltageRegulator)
                  00004a50    0000000c                        : PowerCC26X2.c.obj (.text.Power_getConstraintMask)
                  00004a5c    0000000c                        : UART2CC26X2.c.obj (.text.UART2Support_disableTx)
                  00004a68    0000000c                        : UART2CC26X2.c.obj (.text.UART2Support_enableRx)
                  00004a74    0000000c                        : UART2CC26X2.c.obj (.text.UART2Support_enableTx)
                  00004a80    0000000c                        : UART2.c.obj (.text.UART2_Params_init)
                  00004a8c    0000000c     libc.a : _lock.c.obj (.text._register_lock)
                  00004a98    0000000c            : _lock.c.obj (.text._register_unlock)
                  00004aa4    0000000c     ti_sysbios_config.o (.text.pthread_attr_setdetachstate)
                  00004ab0    0000000c     ti_sysbios_config.o (.text.ti_sysbios_heaps_HeapMem_init)
                  00004abc    0000000c     ti_sysbios_config.o (.text.ti_sysbios_knl_ClockSupport_setNextTick)
                  00004ac8    0000000c     ti_sysbios_config.o (.text.ti_sysbios_knl_Clock_tick)
                  00004ad4    0000000a     ti_sysbios_config.o (.text.ClockP_Params_init)
                  00004ade    0000000a     drivers_cc13x2x7.a : PowerCC26X2_helpers.c.obj (.text.PowerCC26X2_sysCtrlStandby)
                  00004ae8    0000000a     ti_sysbios_config.o (.text.SemaphoreP_pend)
                  00004af2    0000000a     drivers_cc13x2x7.a : UDMACC26XX.c.obj (.text.UDMACC26XX_hwiIntFxn)
                  00004afc    00000008     driverlib.lib : cpu.o (.text.NOROM_CPUdelay)
                  00004b04    00000008     drivers_cc13x2x7.a : PowerCC26X2_helpers.c.obj (.text.PowerCC26X2_oschfTrySwitchToXosc)
                  00004b0c    00000008     libc.a : aeabi_portable.c.obj (.text.__aeabi_errno_addr)
                  00004b14    00000008     ti_sysbios_config.o (.text.ti_sysbios_runtime_System_exit)
                  00004b1c    00000006     ti_sysbios_config.o (.text.ClockP_stop)
                  00004b22    00000006     drivers_cc13x2x7.a : GPIOCC26XX.c.obj (.text.GPIO_setConfig)
                  00004b28    00000006     ti_sysbios_config.o (.text.HwiP_restore)
                  00004b2e    00000006     drivers_cc13x2x7.a : UART2.c.obj (.text.OUTLINED_FUNCTION_0)
                  00004b34    00000006     ti_sysbios_config.o (.text.pthread_attr_setstacksize)
                  00004b3a    00000006     ti_sysbios_config.o (.text.ti_sysbios_family_arm_m3_Hwi_doSwiRestore)
                  00004b40    00000006     ti_sysbios_config.o (.text.ti_sysbios_family_arm_m3_Hwi_doTaskRestore)
                  00004b46    00000006     ti_sysbios_config.o (.text.ti_sysbios_knl_Idle_loop)
                  00004b4c    00000006     ti_sysbios_config.o (.text.ti_sysbios_knl_Swi_startup)
                  00004b52    00000004     ti_sysbios_config.o (.text.ClockP_getSystemTickPeriod)
                  00004b56    00000004     ti_sysbios_config.o (.text.ClockP_start)
                  00004b5a    00000004     drivers_cc13x2x7.a : PowerCC26X2_helpers.c.obj (.text.PowerCC26X2_oschfSwitchToRcosc)
                  00004b5e    00000004                        : PowerCC26X2_helpers.c.obj (.text.PowerCC26X2_sysCtrlIdle)
                  00004b62    00000004                        : PowerCC26X2_helpers.c.obj (.text.PowerCC26X2_turnOnXosc)
                  00004b66    00000004     ti_sysbios_config.o (.text.ResetISR)
                  00004b6a    00000004     drivers_cc13x2x7.a : RingBuf.c.obj (.text.RingBuf_getCount)
                  00004b6e    00000004     ti_sysbios_config.o (.text.SemaphoreP_post)
                  00004b72    00000004     ti_sysbios_config.o (.text._system_post_cinit)
                  00004b76    00000004     ti_sysbios_config.o (.text._system_pre_init)
                  00004b7a    00000004     drivers_cc13x2x7.a : PowerCC26X2.c.obj (.text.configureRFCoreClocks)
                  00004b7e    00000004                        : PowerCC26X2.c.obj (.text.nopResourceHandler)
                  00004b82    00000004     ti_sysbios_config.o (.text.ti_sysbios_heaps_HeapMem_isBlocking)
                  00004b86    00000002     --HOLE-- [fill = 0]
                  00004b88    00000004     libclang_rt.builtins.a : aeabi_memcpy.S.obj (.text)

.rodata    0    00004b90    00000ad0     
                  00004b90    000005d5     ti_sysbios_config.o (.rodata.str1.1)
                  00005165    00000002     drivers_cc13x2x7.a : UART2CC26X2.c.obj (.rodata.stopBits)
                  00005167    00000001     ti_drivers_config.o (.rodata.GPIO_pinLowerBound)
                  00005168    00000008     ti_drivers_config.o (.rodata.UART2_config)
                  00005170    00000101     libc.a : aeabi_ctype.S.obj (.rodata)
                  00005271    0000008d     ti_sysbios_config.o (.rodata.ti_sysbios_heaps_HeapMem_alloc.err)
                  000052fe    00000089     ti_sysbios_config.o (.rodata.ti_sysbios_family_arm_m3_Hwi_Instance_init.err.1)
                  00005387    00000089     ti_sysbios_config.o (.rodata.ti_sysbios_runtime_Memory_alloc.err)
                  00005410    00000086     ti_sysbios_config.o (.rodata.ti_sysbios_family_arm_m3_Hwi_Instance_init.err)
                  00005496    00000001     ti_drivers_config.o (.rodata.GPIO_pinUpperBound)
                  00005497    00000001     ti_drivers_config.o (.rodata.UART2_count)
                  00005498    00000058     ti_drivers_config.o (.rodata.uart2CC26X2HWAttrs)
                  000054f0    00000054     drivers_cc13x2x7.a : PowerCC26X2.c.obj (.rodata.resourceDB)
                  00005544    00000024                        : UART2.c.obj (.rodata.UART2_defaultParams)
                  00005568    00000024     ti_sysbios_config.o (.rodata.ti_sysbios_knl_Task_Params_default)
                  0000558c    0000001c     ti_sysbios_config.o (.rodata.ti_sysbios_family_arm_cc26xx_Timer_Params_default)
                  000055a8    00000018     ti_sysbios_config.o (.rodata.ti_sysbios_family_arm_m3_Hwi_Params_default)
                  000055c0    00000014     ti_drivers_config.o (.rodata.PowerCC26X2_config)
                  000055d4    00000014     ti_sysbios_config.o (.rodata.ti_sysbios_knl_Swi_Params_default)
                  000055e8    00000010     ti_drivers_config.o (.rodata.GPIO_config)
                  000055f8    0000000c     ti_sysbios_config.o (.rodata.ti_sysbios_heaps_HeapMem_Params_default)
                  00005604    0000000c     ti_sysbios_config.o (.rodata.ti_sysbios_knl_Clock_Params_default)
                  00005610    0000000c     ti_sysbios_config.o (.rodata.ti_sysbios_knl_Semaphore_Params_default)
                  0000561c    00000008     ti_drivers_config.o (.rodata.UDMACC26XX_config)
                  00005624    00000008     driverlib.lib : aux_sysif.o (.rodata.cst4)
                  0000562c    00000008     ti_sysbios_config.o (.rodata.ti_sysbios_knl_Idle_funcList)
                  00005634    00000008     ti_drivers_config.o (.rodata.udmaCC26XXHWAttrs)
                  0000563c    00000005     drivers_cc13x2x7.a : UART2CC26X2.c.obj (.rodata.parityType)
                  00005641    00000005                        : UART2CC26X2.c.obj (.rodata.rxFifoThreshold)
                  00005646    00000005                        : UART2CC26X2.c.obj (.rodata.txFifoThreshold)
                  0000564b    00000001     --HOLE-- [fill = 0]
                  0000564c    00000004     ti_sysbios_config.o (.rodata.TimestampP_nativeFormat32)
                  00005650    00000004     ti_sysbios_config.o (.rodata.TimestampP_nativeFormat64)
                  00005654    00000004     drivers_cc13x2x7.a : UART2CC26X2.c.obj (.rodata.cst4)
                  00005658    00000004     uart2callback.o (.rodata.str1.1)
                  0000565c    00000004     ti_sysbios_config.o (.rodata.ti_sysbios_family_arm_m3_Hwi_swiTaskKeyAddress)

__llvm_prf_cnts 
*          0    20000000    00000000     UNINITIALIZED

__llvm_prf_bits 
*          0    20000000    00000000     UNINITIALIZED

.TI.bound:dmaUart0RxControlTableEntry 
*          0    20001810    00000010     UNINITIALIZED
                  20001810    00000010     ti_drivers_config.o (.TI.bound:dmaUart0RxControlTableEntry)

.TI.bound:dmaUart0TxControlTableEntry 
*          0    20001820    00000010     UNINITIALIZED
                  20001820    00000010     ti_drivers_config.o (.TI.bound:dmaUart0TxControlTableEntry)

.args      0    00005660    00000008     
                  00005660    00000008     --HOLE-- [fill = 0]

MODULE SUMMARY

       Module                                     code    ro data   rw data
       ------                                     ----    -------   -------
    .\
       uart2callback.o                            394     4         352    
       main_tirtos.o                              88      0         0      
    +--+------------------------------------------+-------+---------+---------+
       Total:                                     482     4         352    
                                                                           
    .\syscfg\
       ti_sysbios_config.o                        8104    2266      1840   
       ti_drivers_config.o                        230     151       868    
       ti_devices_config.o                        0       88        0      
    +--+------------------------------------------+-------+---------+---------+
       Total:                                     8334    2505      2708   
                                                                           
    C:/ti/simplelink_cc13xx_cc26xx_sdk_7_10_01_24/kernel/tirtos7/packages/ti/sysbios/lib/ticlang/m4f/sysbios.a
       Hwi_asm_gcc.s.obj                          324     0         0      
       Hwi_asm_switch_gcc.s.obj                   118     0         0      
       TaskSupport_asm_gcc.s.obj                  64      0         0      
       boot_cortex_m.c.obj                        52      0         0      
    +--+------------------------------------------+-------+---------+---------+
       Total:                                     558     0         0      
                                                                           
    C:/ti/simplelink_cc13xx_cc26xx_sdk_7_10_01_24/source/ti/devices/cc13x2x7_cc26x2x7/driverlib/bin/ticlang/driverlib.lib
       osc.o                                      418     0         32     
       setup.o                                    420     0         0      
       sys_ctrl.o                                 320     0         0      
       prcm.o                                     136     0         0      
       aux_sysif.o                                72      8         0      
       chipinfo.o                                 38      0         0      
       cpu.o                                      32      0         0      
    +--+------------------------------------------+-------+---------+---------+
       Total:                                     1436    8         32     
                                                                           
    C:/ti/simplelink_cc13xx_cc26xx_sdk_7_10_01_24/source/ti/drivers/lib/ticlang/m4f/drivers_cc13x2x7.a
       UART2CC26X2.c.obj                          2154    21        0      
       PowerCC26X2.c.obj                          1682    84        376    
       UART2.c.obj                                1344    36        0      
       PowerCC26X2_calibrateRCOSC.c.obj           836     0         0      
       PowerCC26X2_calibrateRCOSC_helpers.c.obj   432     0         0      
       GPIOCC26X2.c.obj                           328     0         29     
       PowerCC26X2_helpers.c.obj                  298     0         0      
       RingBuf.c.obj                              272     0         0      
       GPIOCC26XX.c.obj                           210     0         0      
       UDMACC26XX.c.obj                           110     0         0      
       GPIO.c.obj                                 60      0         0      
       List.c.obj                                 36      0         0      
    +--+------------------------------------------+-------+---------+---------+
       Total:                                     7762    141       405    
                                                                           
    D:\Texas_programming\CODE\ccs\tools\compiler\ti-cgt-armllvm_2.1.3.LTS\lib\armv7em-ti-none-eabihf/c/libc.a
       aeabi_ctype.S.obj                          0       257       0      
       copy_decompress_lzss.c.obj                 106     0         0      
       atoi.c.obj                                 72      0         0      
       strtok.c.obj                               64      0         4      
       autoinit.c.obj                             56      0         0      
       _lock.c.obj                                26      0         8      
       strspn.c.obj                               34      0         0      
       strcspn.c.obj                              32      0         0      
       args_main.c.obj                            20      0         0      
       memcpy_t2.S.obj                            18      0         0      
       copy_zero_init.c.obj                       16      0         0      
       copy_decompress_none.c.obj                 14      0         0      
       memset_t2.S.obj                            14      0         0      
       aeabi_portable.c.obj                       8       0         4      
    +--+------------------------------------------+-------+---------+---------+
       Total:                                     480     257       16     
                                                                           
    D:\Texas_programming\CODE\ccs\tools\compiler\ti-cgt-armllvm_2.1.3.LTS\lib\clang/14.0.6/lib/armv7em-ti-none-eabihf/libclang_rt.builtins.a
       udivmoddi4.S.obj                           176     0         0      
       aeabi_memset.S.obj                         20      0         0      
       aeabi_uldivmod.S.obj                       20      0         0      
       aeabi_memcpy.S.obj                         4       0         0      
       aeabi_div0.c.obj                           2       0         0      
    +--+------------------------------------------+-------+---------+---------+
       Total:                                     222     0         0      
                                                                           
       Stack:                                     0       0         1536   
       Linker Generated:                          0       247       0      
    +--+------------------------------------------+-------+---------+---------+
       Grand Total:                               19274   3162      5049   


LINKER GENERATED COPY TABLES

__TI_cinit_table @ 00005740 records: 4, size/record: 8, table size: 32
	.data: load addr=00005668, load size=000000b3 bytes, run addr=20000910, run size=000003b5 bytes, compression=lzss
	.TI.bound:dmaUart0RxControlTableEntry: load addr=00005728, load size=00000008 bytes, run addr=20001810, run size=00000010 bytes, compression=zero_init
	.TI.bound:dmaUart0TxControlTableEntry: load addr=00005730, load size=00000008 bytes, run addr=20001820, run size=00000010 bytes, compression=zero_init
	.bss: load addr=00005738, load size=00000008 bytes, run addr=20000000, run size=0000090c bytes, compression=zero_init


LINKER GENERATED HANDLER TABLE

__TI_handler_table @ 0000571c records: 3, size/record: 4, table size: 12
	index: 0, handler: __TI_decompress_lzss
	index: 1, handler: __TI_decompress_none
	index: 2, handler: __TI_zero_init


GLOBAL SYMBOLS: SORTED ALPHABETICALLY BY Name 

address   name                                                            
-------   ----                                                            
20000b00  BIOS_Module_state                                               
00003369  BIOS_atExitFunc                                                 
00004691  BIOS_exitFunc                                                   
20000788  BIOS_heapMemObject                                              
00003099  BIOS_init                                                       
000049e5  BIOS_linkedWithIncorrectBootLibrary                             
000003ff  BIOS_nullFunc                                                   
0000416d  BIOS_registerRTSLock                                            
000042f9  BIOS_removeRTSLock                                              
200007b4  BIOS_rtsGate                                                    
00004605  BIOS_rtsLock                                                    
000046a9  BIOS_rtsUnlock                                                  
000049f1  BIOS_start                                                      
00002f69  BIOS_startFunc                                                  
00004799  Board_init                                                      
00000d43  Board_initHook                                                  
00002ecd  Board_sendExtFlashByte                                          
00002ddd  Board_shutDownExtFlash                                          
00003d2d  Board_wakeUpExtFlash                                            
00004ad5  ClockP_Params_init                                              
00003d5d  ClockP_construct                                                
000048a1  ClockP_getCpuFreq                                               
00004b53  ClockP_getSystemTickPeriod                                      
00004b57  ClockP_start                                                    
00004b1d  ClockP_stop                                                     
000055e8  GPIO_config                                                     
000046c1  GPIO_disableInt                                                 
000033ad  GPIO_hwiIntFxn                                                  
00000f69  GPIO_init                                                       
00005167  GPIO_pinLowerBound                                              
00005496  GPIO_pinUpperBound                                              
00003709  GPIO_resetConfig                                                
00004b23  GPIO_setConfig                                                  
0000215d  GPIO_setConfigAndMux                                            
000047dd  GPIO_toggle                                                     
000048b1  GPIO_write                                                      
00004000  HEAPSIZE                                                        
000048c1  HwiP_Params_init                                                
00003745  HwiP_construct                                                  
000049fd  HwiP_disable                                                    
000047af  HwiP_interruptsEnabled                                          
00004b29  HwiP_restore                                                    
UNDEFED   ITM_flush                                                       
UNDEFED   ITM_restore                                                     
0000431d  List_put                                                        
000030e1  NOROM_AUXSYSIFOpModeChange                                      
00004a09  NOROM_CPUcpsid                                                  
00004a15  NOROM_CPUcpsie                                                  
00004afd  NOROM_CPUdelay                                                  
00001aad  NOROM_OSCHF_AttemptToSwitchToXosc                               
0000247d  NOROM_OSCHF_SwitchToRcOscTurnOffXosc                            
000040c5  NOROM_OSCHF_TurnOnXosc                                          
00002fb5  NOROM_OSC_HPOSCRelativeFrequencyOffsetGet                       
000033f1  NOROM_PRCMPowerDomainsAllOff                                    
00003435  NOROM_PRCMPowerDomainsAllOn                                     
00001365  NOROM_SetupTrimDevice                                           
00003781  NOROM_SysCtrlIdle                                               
0000106d  NOROM_SysCtrlStandby                                            
000042ad  NOROM_ThisLibraryIsFor_CC13x2x7_CC26x2x7_HaltIfViolated         
00003589  PowerCC26X2_RCOSC_clockFunc                                     
00000401  PowerCC26X2_auxISR                                              
00000e5d  PowerCC26X2_calibrate                                           
000055c0  PowerCC26X2_config                                              
000044c9  PowerCC26X2_disableTCXOQual                                     
000044e9  PowerCC26X2_enableTCXOQual                                      
000029c1  PowerCC26X2_initiateCalibration                                 
20000910  PowerCC26X2_module                                              
00004a21  PowerCC26X2_oscClockSourceGet                                   
000048d1  PowerCC26X2_oscCtlClearXtal                                     
000039d9  PowerCC26X2_oscDisableQualifiers                                
00004b5b  PowerCC26X2_oschfSwitchToRcosc                                  
00004b05  PowerCC26X2_oschfTrySwitchToXosc                                
000048e1  PowerCC26X2_prcmEnableCacheRetention                            
000048f1  PowerCC26X2_readCtrim                                           
00004901  PowerCC26X2_readCtrimFract                                      
00004911  PowerCC26X2_readRtrim                                           
000035c9  PowerCC26X2_setAclkRefSrc                                       
00004a2d  PowerCC26X2_setPeriphDeepSleepEnable                            
00003af1  PowerCC26X2_setSubSecIncToXoscLf                                
000037bd  PowerCC26X2_setTdcClkSrc24M                                     
00004921  PowerCC26X2_switchToTCXO                                        
00004a39  PowerCC26X2_sysCtrlGetResetSource                               
00004b5f  PowerCC26X2_sysCtrlIdle                                         
00004adf  PowerCC26X2_sysCtrlStandby                                      
00004a45  PowerCC26X2_sysCtrlUpdateVoltageRegulator                       
00004b63  PowerCC26X2_turnOnXosc                                          
000025e5  PowerCC26X2_updateSubSecInc                                     
00004341  PowerCC26X2_writeCtrim                                          
00004365  PowerCC26X2_writeCtrimFract                                     
00004389  PowerCC26X2_writeCtrimFractEn                                   
000043ad  PowerCC26X2_writeRtrim                                          
000046d9  PowerCC26XX_calibrate                                           
00003f39  PowerCC26XX_schedulerDisable                                    
00004509  PowerCC26XX_schedulerRestore                                    
00001b61  PowerCC26XX_standbyPolicy                                       
200008f0  PowerCC26XX_swiKey                                              
200008f4  PowerCC26XX_taskKey                                             
00004a51  Power_getConstraintMask                                         
00004621  Power_getTransitionLatency                                      
000046f1  Power_idleFunc                                                  
00000d45  Power_init                                                      
000043d1  Power_registerNotify                                            
00003b25  Power_releaseConstraint                                         
00001c15  Power_releaseDependency                                         
00003d8d  Power_setConstraint                                             
00001e31  Power_setDependency                                             
00000895  Power_sleep                                                     
00004b67  ResetISR                                                        
00004931  RingBuf_construct                                               
00003edd  RingBuf_getConsume                                              
00004b6b  RingBuf_getCount                                                
00004461  RingBuf_getPointer                                              
00003321  RingBuf_put                                                     
00003a11  RingBuf_putAdvance                                              
00003f0b  RingBuf_putPointer                                              
00004529  SemaphoreP_constructBinary                                      
00004ae9  SemaphoreP_pend                                                 
00004b6f  SemaphoreP_post                                                 
0000488f  TI_memcpy_small                                                 
000049c7  TI_memset_small                                                 
0000564c  TimestampP_nativeFormat32                                       
00005650  TimestampP_nativeFormat64                                       
00004a5d  UART2Support_disableTx                                          
00001275  UART2Support_dmaStartRx                                         
00001939  UART2Support_dmaStartTx                                         
000028f1  UART2Support_dmaStopRx                                          
00002301  UART2Support_dmaStopTx                                          
00003f91  UART2Support_enableInts                                         
00004a69  UART2Support_enableRx                                           
00004a75  UART2Support_enableTx                                           
000040ef  UART2Support_powerRelConstraint                                 
000042d3  UART2Support_powerSetConstraint                                 
00003b59  UART2Support_sendData                                           
00004941  UART2Support_txDone                                             
00004a81  UART2_Params_init                                               
00005168  UART2_config                                                    
00005497  UART2_count                                                     
00005544  UART2_defaultParams                                             
00000595  UART2_open                                                      
00004483  UART2_read                                                      
00003129  UART2_readFull                                                  
0000022d  UART2_readTimeout                                               
00003a49  UART2_rxEnable                                                  
0000498f  UART2_write                                                     
000045c9  UART2_writeTimeout                                              
00000721  UART2_writeTimeoutBlocking                                      
00000c29  UART2_writeTimeoutNonblocking                                   
0000561c  UDMACC26XX_config                                               
00004af3  UDMACC26XX_hwiIntFxn                                            
00002a25  UDMACC26XX_open                                                 
20024000  __STACK_END                                                     
00000600  __STACK_SIZE                                                    
00005740  __TI_CINIT_Base                                                 
00005760  __TI_CINIT_Limit                                                
00005760  __TI_CINIT_Warm                                                 
0000571c  __TI_Handler_Table_Base                                         
00005728  __TI_Handler_Table_Limit                                        
00003ab9  __TI_auto_init_nobinit_nopinit                                  
00002885  __TI_decompress_lzss                                            
000049d5  __TI_decompress_none                                            
ffffffff  __TI_pprof_out_hndl                                             
ffffffff  __TI_prof_data_size                                             
ffffffff  __TI_prof_data_start                                            
00000000  __TI_static_base__                                              
00004971  __TI_zero_init                                                  
00005170  __aeabi_ctype_table_                                            
00005170  __aeabi_ctype_table_C                                           
20000cb4  __aeabi_errno                                                   
00004b0d  __aeabi_errno_addr                                              
00003367  __aeabi_ldiv0                                                   
00004861  __aeabi_memclr                                                  
00004861  __aeabi_memclr4                                                 
00004861  __aeabi_memclr8                                                 
00004b89  __aeabi_memcpy                                                  
00004b89  __aeabi_memcpy4                                                 
00004b89  __aeabi_memcpy8                                                 
00004855  __aeabi_memset                                                  
00004855  __aeabi_memset4                                                 
00004855  __aeabi_memset8                                                 
00004869  __aeabi_uldivmod                                                
ffffffff  __binit__                                                       
00005660  __c_args__                                                      
000affa8  __ccfg                                                          
UNDEFED   __mpu_init                                                      
20005830  __primary_heap_end__                                            
20001830  __primary_heap_start__                                          
20023a00  __stack                                                         
20000000  __start___llvm_prf_bits                                         
20000000  __start___llvm_prf_cnts                                         
20000000  __stop___llvm_prf_bits                                          
20000000  __stop___llvm_prf_cnts                                          
00001ee1  __udivmoddi4                                                    
00004805  _args_main                                                      
00003cc5  _c_int00                                                        
20000c88  _hposcCoeffs                                                    
20000cb8  _lock                                                           
00003d2b  _nop                                                            
00003b8d  _pthread_cleanupFxn                                             
000024f5  _pthread_removeThreadKeys                                       
00004a8d  _register_lock                                                  
00004a99  _register_unlock                                                
00004b73  _system_post_cinit                                              
00004b77  _system_pre_init                                                
20000cbc  _unlock                                                         
00003171  atoi                                                            
ffffffff  binit                                                           
00001cc9  callbackFxn                                                     
00003fe9  callbackTxn                                                     
20000540  data                                                            
200005a4  data_standark                                                   
200008bc  delay                                                           
200008d0  first                                                           
20000448  gpioCallbackFunctions                                           
20000a84  gpioPinConfigs                                                  
200004c4  gpioUserArgs                                                    
200008f8  i                                                               
00002d2d  main                                                            
00002279  mainThread                                                      
00004709  pthread_attr_init                                               
00004aa5  pthread_attr_setdetachstate                                     
00004819  pthread_attr_setschedparam                                      
00004b35  pthread_attr_setstacksize                                       
0000152d  pthread_create                                                  
00002cd1  pthread_exit                                                    
200008fc  ptr                                                             
000054f0  resourceDB                                                      
20000608  str                                                             
00004549  strcspn                                                         
000044a5  strspn                                                          
00003609  strtok                                                          
20000b90  ti_sysbios_family_arm_cc26xx_Timer_Module_state                 
000009ed  ti_sysbios_family_arm_cc26xx_Timer_construct                    
00004951  ti_sysbios_family_arm_cc26xx_Timer_dynamicStub                  
000037f9  ti_sysbios_family_arm_cc26xx_Timer_periodicStub                 
00004119  ti_sysbios_family_arm_cc26xx_Timer_setNextTick                  
00003835  ti_sysbios_family_arm_cc26xx_Timer_setThreshold                 
000031b9  ti_sysbios_family_arm_cc26xx_Timer_start                        
20000900  ti_sysbios_family_arm_cc26xx_TimestampProvider_Module_state     
000026cd  ti_sysbios_family_arm_m3_Hwi_Instance_init                      
20000b2c  ti_sysbios_family_arm_m3_Hwi_Module_state                       
000043f5  ti_sysbios_family_arm_m3_Hwi_construct                          
00003479  ti_sysbios_family_arm_m3_Hwi_construct2                         
000034bd  ti_sysbios_family_arm_m3_Hwi_disableInterrupt                   
00000b0d  ti_sysbios_family_arm_m3_Hwi_dispatch                           
00002819  ti_sysbios_family_arm_m3_Hwi_dispatchC                          
20000370  ti_sysbios_family_arm_m3_Hwi_dispatchTable                      
00004b3b  ti_sysbios_family_arm_m3_Hwi_doSwiRestore                       
00004b41  ti_sysbios_family_arm_m3_Hwi_doTaskRestore                      
00003501  ti_sysbios_family_arm_m3_Hwi_enableInterrupt                    
00001605  ti_sysbios_family_arm_m3_Hwi_excFillContext                     
00004961  ti_sysbios_family_arm_m3_Hwi_excHandler                         
00004195  ti_sysbios_family_arm_m3_Hwi_excHandlerAsm                      
00003ded  ti_sysbios_family_arm_m3_Hwi_excHandlerMin                      
00003bc1  ti_sysbios_family_arm_m3_Hwi_getStackInfo                       
00003bf5  ti_sysbios_family_arm_m3_Hwi_init                               
00002381  ti_sysbios_family_arm_m3_Hwi_initNVIC                           
00004569  ti_sysbios_family_arm_m3_Hwi_initStack                          
00002d85  ti_sysbios_family_arm_m3_Hwi_initStacks                         
00000be4  ti_sysbios_family_arm_m3_Hwi_interruptsAreDisabledButShouldNotBe
00000be9  ti_sysbios_family_arm_m3_Hwi_pendSV                             
00002401  ti_sysbios_family_arm_m3_Hwi_postInit                           
20000d00  ti_sysbios_family_arm_m3_Hwi_ramVectors                         
00000000  ti_sysbios_family_arm_m3_Hwi_resetVectors                       
00000c0c  ti_sysbios_family_arm_m3_Hwi_return                             
0000565c  ti_sysbios_family_arm_m3_Hwi_swiTaskKeyAddress                  
000045e7  ti_sysbios_family_arm_m3_Hwi_switchAndRunFunc                   
00004841  ti_sysbios_family_arm_m3_Hwi_switchFromBootStack                
000041bd  ti_sysbios_gates_GateMutex_Instance_init                        
20000c98  ti_sysbios_gates_GateMutex_Module_state                         
00004015  ti_sysbios_gates_GateMutex_enter                                
000049b9  ti_sysbios_gates_GateMutex_leave                                
00003201  ti_sysbios_heaps_HeapMem_Instance_init                          
20000ca0  ti_sysbios_heaps_HeapMem_Module_state                           
00003249  ti_sysbios_heaps_HeapMem_alloc                                  
00002b51  ti_sysbios_heaps_HeapMem_allocUnprotected                       
00003871  ti_sysbios_heaps_HeapMem_construct                              
00003e1d  ti_sysbios_heaps_HeapMem_free                                   
00002f1b  ti_sysbios_heaps_HeapMem_freeUnprotected                        
200007dc  ti_sysbios_heaps_HeapMem_gate                                   
00003649  ti_sysbios_heaps_HeapMem_getStats                               
00004ab1  ti_sysbios_heaps_HeapMem_init                                   
00004b83  ti_sysbios_heaps_HeapMem_isBlocking                             
000038ad  ti_sysbios_knl_ClockSupport_init                                
00004abd  ti_sysbios_knl_ClockSupport_setNextTick                         
20000670  ti_sysbios_knl_ClockSupport_timerStruct                         
00003c29  ti_sysbios_knl_Clock_Instance_init                              
20000bd0  ti_sysbios_knl_Clock_Module_state                               
00004041  ti_sysbios_knl_Clock_getTicks                                   
00003689  ti_sysbios_knl_Clock_getTicksUntilInterrupt                     
000021ed  ti_sysbios_knl_Clock_init                                       
00004721  ti_sysbios_knl_Clock_scheduleNextTick                           
000047c5  ti_sysbios_knl_Clock_start                                      
00002035  ti_sysbios_knl_Clock_startI                                     
00004ac9  ti_sysbios_knl_Clock_tick                                       
00002bb1  ti_sysbios_knl_Clock_walkQueueDynamic                           
000017ad  ti_sysbios_knl_Clock_workFuncDynamic                            
0000562c  ti_sysbios_knl_Idle_funcList                                    
00002a89  ti_sysbios_knl_Idle_init                                        
20000b6b  ti_sysbios_knl_Idle_initDone                                    
00004b47  ti_sysbios_knl_Idle_loop                                        
0000463d  ti_sysbios_knl_Idle_run                                         
20000000  ti_sysbios_knl_Idle_taskStack                                   
200006d0  ti_sysbios_knl_Idle_taskStruct                                  
00004659  ti_sysbios_knl_Queue_put                                        
000041e5  ti_sysbios_knl_Semaphore_Instance_init                          
20000ca8  ti_sysbios_knl_Semaphore_Module_state                           
00004419  ti_sysbios_knl_Semaphore_destruct                               
00001449  ti_sysbios_knl_Semaphore_pend                                   
00003cf9  ti_sysbios_knl_Semaphore_pendTimeout                            
00002c11  ti_sysbios_knl_Semaphore_post                                   
0000304d  ti_sysbios_knl_Swi_Instance_init                                
20000ba8  ti_sysbios_knl_Swi_Module_state                                 
0000420d  ti_sysbios_knl_Swi_init                                         
00002e2d  ti_sysbios_knl_Swi_post                                         
20000728  ti_sysbios_knl_Swi_readyQs                                      
00003545  ti_sysbios_knl_Swi_restore                                      
00002659  ti_sysbios_knl_Swi_restoreHwi                                   
00002959  ti_sysbios_knl_Swi_run                                          
00002e7d  ti_sysbios_knl_Swi_runLoop                                      
00002c71  ti_sysbios_knl_Swi_schedule                                     
00004b4d  ti_sysbios_knl_Swi_startup                                      
00002aed  ti_sysbios_knl_TaskSupport_buildTaskStack                       
00004739  ti_sysbios_knl_TaskSupport_glue                                 
00003e4d  ti_sysbios_knl_TaskSupport_start                                
00004235  ti_sysbios_knl_TaskSupport_swap                                 
00004240  ti_sysbios_knl_TaskSupport_swapReturn                           
000019f5  ti_sysbios_knl_Task_Instance_finalize                           
00001f91  ti_sysbios_knl_Task_Instance_init                               
20000c38  ti_sysbios_knl_Task_Module_state                                
00004143  ti_sysbios_knl_Task_allBlockedFunction                          
000038e9  ti_sysbios_knl_Task_blockI                                      
0000425d  ti_sysbios_knl_Task_construct                                   
00003925  ti_sysbios_knl_Task_create                                      
20000904  ti_sysbios_knl_Task_defaultStackHeap                            
00004589  ti_sysbios_knl_Task_delete                                      
000045a9  ti_sysbios_knl_Task_destruct                                    
0000443d  ti_sysbios_knl_Task_enter                                       
000036c9  ti_sysbios_knl_Task_exit                                        
00004285  ti_sysbios_knl_Task_init                                        
0000256d  ti_sysbios_knl_Task_postInit                                    
00003a81  ti_sysbios_knl_Task_processVitalTaskFlag                        
20000758  ti_sysbios_knl_Task_readyQs                                     
00003961  ti_sysbios_knl_Task_restore                                     
0000406d  ti_sysbios_knl_Task_restoreHwi                                  
00003291  ti_sysbios_knl_Task_schedule                                    
00001d7d  ti_sysbios_knl_Task_setPri                                      
000020c9  ti_sysbios_knl_Task_sleep                                       
00004675  ti_sysbios_knl_Task_sleepTimeout                                
0000273d  ti_sysbios_knl_Task_startup                                     
00004751  ti_sysbios_knl_Task_unblock                                     
00003c5d  ti_sysbios_knl_Task_unblockI                                    
20000b84  ti_sysbios_runtime_Error_ignore                                 
00003c91  ti_sysbios_runtime_Error_raiseX                                 
0000399d  ti_sysbios_runtime_Memory_alloc                                 
20000b6c  ti_sysbios_runtime_Memory_defaultHeapInstance                   
20000b68  ti_sysbios_runtime_Startup_done                                 
000032d9  ti_sysbios_runtime_Startup_exec                                 
20000b9c  ti_sysbios_runtime_System_Module_state                          
00003e7d  ti_sysbios_runtime_System_atexit                                
20000844  ti_sysbios_runtime_System_atexitHandlers                        
00004b15  ti_sysbios_runtime_System_exit                                  
0000468f  ti_sysbios_runtime_System_exitSpin                              
00003ead  ti_sysbios_runtime_System_processAtExit                         
20000908  time_delay                                                      
20000200  uart2CC26X2Objects                                              
00005634  udmaCC26XXHWAttrs                                               
20000864  udmaCC26XXObject                                                
00004099  usleep                                                          


GLOBAL SYMBOLS: SORTED BY Symbol Address 

address   name                                                            
-------   ----                                                            
00000000  __TI_static_base__                                              
00000000  ti_sysbios_family_arm_m3_Hwi_resetVectors                       
0000022d  UART2_readTimeout                                               
000003ff  BIOS_nullFunc                                                   
00000401  PowerCC26X2_auxISR                                              
00000595  UART2_open                                                      
00000600  __STACK_SIZE                                                    
00000721  UART2_writeTimeoutBlocking                                      
00000895  Power_sleep                                                     
000009ed  ti_sysbios_family_arm_cc26xx_Timer_construct                    
00000b0d  ti_sysbios_family_arm_m3_Hwi_dispatch                           
00000be4  ti_sysbios_family_arm_m3_Hwi_interruptsAreDisabledButShouldNotBe
00000be9  ti_sysbios_family_arm_m3_Hwi_pendSV                             
00000c0c  ti_sysbios_family_arm_m3_Hwi_return                             
00000c29  UART2_writeTimeoutNonblocking                                   
00000d43  Board_initHook                                                  
00000d45  Power_init                                                      
00000e5d  PowerCC26X2_calibrate                                           
00000f69  GPIO_init                                                       
0000106d  NOROM_SysCtrlStandby                                            
00001275  UART2Support_dmaStartRx                                         
[...]
000037bd  PowerCC26X2_setTdcClkSrc24M                                     
000037f9  ti_sysbios_family_arm_cc26xx_Timer_periodicStub                 
00003835  ti_sysbios_family_arm_cc26xx_Timer_setThreshold                 
00003871  ti_sysbios_heaps_HeapMem_construct                              
000038ad  ti_sysbios_knl_ClockSupport_init                                
000038e9  ti_sysbios_knl_Task_blockI                                      
00003925  ti_sysbios_knl_Task_create                                      
00003961  ti_sysbios_knl_Task_restore                                     
0000399d  ti_sysbios_runtime_Memory_alloc                                 
000039d9  PowerCC26X2_oscDisableQualifiers                                
00003a11  RingBuf_putAdvance                                              
00003a49  UART2_rxEnable                                                  
00003a81  ti_sysbios_knl_Task_processVitalTaskFlag                        
00003ab9  __TI_auto_init_nobinit_nopinit                                  
00003af1  PowerCC26X2_setSubSecIncToXoscLf                                
00003b25  Power_releaseConstraint                                         
00003b59  UART2Support_sendData                                           
00003b8d  _pthread_cleanupFxn                                             
00003bc1  ti_sysbios_family_arm_m3_Hwi_getStackInfo                       
00003bf5  ti_sysbios_family_arm_m3_Hwi_init                               
00003c29  ti_sysbios_knl_Clock_Instance_init                              
00003c5d  ti_sysbios_knl_Task_unblockI                                    
00003c91  ti_sysbios_runtime_Error_raiseX                                 
00003cc5  _c_int00                                                        
00003cf9  ti_sysbios_knl_Semaphore_pendTimeout                            
00003d2b  _nop                                                            
00003d2d  Board_wakeUpExtFlash                                            
00003d5d  ClockP_construct                                                
00003d8d  Power_setConstraint                                             
00003ded  ti_sysbios_family_arm_m3_Hwi_excHandlerMin                      
00003e1d  ti_sysbios_heaps_HeapMem_free                                   
00003e4d  ti_sysbios_knl_TaskSupport_start                                
00003e7d  ti_sysbios_runtime_System_atexit                                
00003ead  ti_sysbios_runtime_System_processAtExit                         
00003edd  RingBuf_getConsume                                              
00003f0b  RingBuf_putPointer                                              
00003f39  PowerCC26XX_schedulerDisable                                    
00003f91  UART2Support_enableInts                                         
00003fe9  callbackTxn                                                     
00004000  HEAPSIZE                                                        
00004015  ti_sysbios_gates_GateMutex_enter                                
00004041  ti_sysbios_knl_Clock_getTicks                                   
0000406d  ti_sysbios_knl_Task_restoreHwi                                  
00004099  usleep                                                          
000040c5  NOROM_OSCHF_TurnOnXosc                                          
000040ef  UART2Support_powerRelConstraint                                 
00004119  ti_sysbios_family_arm_cc26xx_Timer_setNextTick                  
00004143  ti_sysbios_knl_Task_allBlockedFunction                          
0000416d  BIOS_registerRTSLock                                            
00004195  ti_sysbios_family_arm_m3_Hwi_excHandlerAsm                      
000041bd  ti_sysbios_gates_GateMutex_Instance_init                        
000041e5  ti_sysbios_knl_Semaphore_Instance_init                          
0000420d  ti_sysbios_knl_Swi_init                                         
00004235  ti_sysbios_knl_TaskSupport_swap                                 
00004240  ti_sysbios_knl_TaskSupport_swapReturn                           
0000425d  ti_sysbios_knl_Task_construct                                   
00004285  ti_sysbios_knl_Task_init                                        
000042ad  NOROM_ThisLibraryIsFor_CC13x2x7_CC26x2x7_HaltIfViolated         
000042d3  UART2Support_powerSetConstraint                                 
000042f9  BIOS_removeRTSLock                                              
0000431d  List_put                                                        
00004341  PowerCC26X2_writeCtrim                                          
00004365  PowerCC26X2_writeCtrimFract                                     
00004389  PowerCC26X2_writeCtrimFractEn                                   
000043ad  PowerCC26X2_writeRtrim                                          
000043d1  Power_registerNotify                                            
000043f5  ti_sysbios_family_arm_m3_Hwi_construct                          
00004419  ti_sysbios_knl_Semaphore_destruct                               
0000443d  ti_sysbios_knl_Task_enter                                       
00004461  RingBuf_getPointer                                              
00004483  UART2_read                                                      
000044a5  strspn                                                          
000044c9  PowerCC26X2_disableTCXOQual                                     
000044e9  PowerCC26X2_enableTCXOQual                                      
00004509  PowerCC26XX_schedulerRestore                                    
00004529  SemaphoreP_constructBinary                                      
00004549  strcspn                                                         
00004569  ti_sysbios_family_arm_m3_Hwi_initStack                          
00004589  ti_sysbios_knl_Task_delete                                      
000045a9  ti_sysbios_knl_Task_destruct                                    
000045c9  UART2_writeTimeout                                              
000045e7  ti_sysbios_family_arm_m3_Hwi_switchAndRunFunc                   
00004605  BIOS_rtsLock                                                    
00004621  Power_getTransitionLatency                                      
0000463d  ti_sysbios_knl_Idle_run                                         
00004659  ti_sysbios_knl_Queue_put                                        
00004675  ti_sysbios_knl_Task_sleepTimeout                                
0000468f  ti_sysbios_runtime_System_exitSpin                              
00004691  BIOS_exitFunc                                                   
000046a9  BIOS_rtsUnlock                                                  
000046c1  GPIO_disableInt                                                 
000046d9  PowerCC26XX_calibrate                                           
000046f1  Power_idleFunc                                                  
00004709  pthread_attr_init                                               
00004721  ti_sysbios_knl_Clock_scheduleNextTick                           
00004739  ti_sysbios_knl_TaskSupport_glue                                 
00004751  ti_sysbios_knl_Task_unblock                                     
00004799  Board_init                                                      
000047af  HwiP_interruptsEnabled                                          
000047c5  ti_sysbios_knl_Clock_start                                      
000047dd  GPIO_toggle                                                     
00004805  _args_main                                                      
00004819  pthread_attr_setschedparam                                      
00004841  ti_sysbios_family_arm_m3_Hwi_switchFromBootStack                
00004855  __aeabi_memset                                                  
00004855  __aeabi_memset4                                                 
00004855  __aeabi_memset8                                                 
00004861  __aeabi_memclr                                                  
00004861  __aeabi_memclr4                                                 
00004861  __aeabi_memclr8                                                 
00004869  __aeabi_uldivmod                                                
0000488f  TI_memcpy_small                                                 
000048a1  ClockP_getCpuFreq                                               
000048b1  GPIO_write                                                      
000048c1  HwiP_Params_init                                                
000048d1  PowerCC26X2_oscCtlClearXtal                                     
000048e1  PowerCC26X2_prcmEnableCacheRetention                            
000048f1  PowerCC26X2_readCtrim                                           
00004901  PowerCC26X2_readCtrimFract                                      
00004911  PowerCC26X2_readRtrim                                           
00004921  PowerCC26X2_switchToTCXO                                        
00004931  RingBuf_construct                                               
00004941  UART2Support_txDone                                             
00004951  ti_sysbios_family_arm_cc26xx_Timer_dynamicStub                  
00004961  ti_sysbios_family_arm_m3_Hwi_excHandler                         
00004971  __TI_zero_init                                                  
0000498f  UART2_write                                                     
000049b9  ti_sysbios_gates_GateMutex_leave                                
000049c7  TI_memset_small                                                 
000049d5  __TI_decompress_none                                            
000049e5  BIOS_linkedWithIncorrectBootLibrary                             
000049f1  BIOS_start                                                      
000049fd  HwiP_disable                                                    
00004a09  NOROM_CPUcpsid                                                  
00004a15  NOROM_CPUcpsie                                                  
00004a21  PowerCC26X2_oscClockSourceGet                                   
00004a2d  PowerCC26X2_setPeriphDeepSleepEnable                            
00004a39  PowerCC26X2_sysCtrlGetResetSource                               
00004a45  PowerCC26X2_sysCtrlUpdateVoltageRegulator                       
00004a51  Power_getConstraintMask                                         
00004a5d  UART2Support_disableTx                                          
00004a69  UART2Support_enableRx                                           
00004a75  UART2Support_enableTx                                           
00004a81  UART2_Params_init                                               
00004a8d  _register_lock                                                  
00004a99  _register_unlock                                                
00004aa5  pthread_attr_setdetachstate                                     
00004ab1  ti_sysbios_heaps_HeapMem_init                                   
00004abd  ti_sysbios_knl_ClockSupport_setNextTick                         
00004ac9  ti_sysbios_knl_Clock_tick                                       
00004ad5  ClockP_Params_init                                              
00004adf  PowerCC26X2_sysCtrlStandby                                      
00004ae9  SemaphoreP_pend                                                 
00004af3  UDMACC26XX_hwiIntFxn                                            
00004afd  NOROM_CPUdelay                                                  
00004b05  PowerCC26X2_oschfTrySwitchToXosc                                
00004b0d  __aeabi_errno_addr                                              
00004b15  ti_sysbios_runtime_System_exit                                  
00004b1d  ClockP_stop                                                     
00004b23  GPIO_setConfig                                                  
00004b29  HwiP_restore                                                    
00004b35  pthread_attr_setstacksize                                       
00004b3b  ti_sysbios_family_arm_m3_Hwi_doSwiRestore                       
00004b41  ti_sysbios_family_arm_m3_Hwi_doTaskRestore                      
00004b47  ti_sysbios_knl_Idle_loop                                        
00004b4d  ti_sysbios_knl_Swi_startup                                      
00004b53  ClockP_getSystemTickPeriod                                      
00004b57  ClockP_start                                                    
00004b5b  PowerCC26X2_oschfSwitchToRcosc                                  
00004b5f  PowerCC26X2_sysCtrlIdle                                         
00004b63  PowerCC26X2_turnOnXosc                                          
00004b67  ResetISR                                                        
00004b6b  RingBuf_getCount                                                
00004b6f  SemaphoreP_post                                                 
00004b73  _system_post_cinit                                              
00004b77  _system_pre_init                                                
00004b83  ti_sysbios_heaps_HeapMem_isBlocking                             
00004b89  __aeabi_memcpy                                                  
00004b89  __aeabi_memcpy4                                                 
00004b89  __aeabi_memcpy8                                                 
00005167  GPIO_pinLowerBound                                              
00005168  UART2_config                                                    
00005170  __aeabi_ctype_table_                                            
00005170  __aeabi_ctype_table_C                                           
00005496  GPIO_pinUpperBound                                              
00005497  UART2_count                                                     
000054f0  resourceDB                                                      
00005544  UART2_defaultParams                                             
000055c0  PowerCC26X2_config                                              
000055e8  GPIO_config                                                     
0000561c  UDMACC26XX_config                                               
0000562c  ti_sysbios_knl_Idle_funcList                                    
00005634  udmaCC26XXHWAttrs                                               
0000564c  TimestampP_nativeFormat32                                       
00005650  TimestampP_nativeFormat64                                       
0000565c  ti_sysbios_family_arm_m3_Hwi_swiTaskKeyAddress                  
00005660  __c_args__                                                      
0000571c  __TI_Handler_Table_Base                                         
00005728  __TI_Handler_Table_Limit                                        
00005740  __TI_CINIT_Base                                                 
00005760  __TI_CINIT_Limit                                                
00005760  __TI_CINIT_Warm                                                 
000affa8  __ccfg                                                          
20000000  __start___llvm_prf_bits                                         
20000000  __start___llvm_prf_cnts                                         
20000000  __stop___llvm_prf_bits                                          
20000000  __stop___llvm_prf_cnts                                          
20000000  ti_sysbios_knl_Idle_taskStack                                   
20000200  uart2CC26X2Objects                                              
20000370  ti_sysbios_family_arm_m3_Hwi_dispatchTable                      
20000448  gpioCallbackFunctions                                           
200004c4  gpioUserArgs                                                    
20000540  data                                                            
200005a4  data_standark                                                   
20000608  str                                                             
20000670  ti_sysbios_knl_ClockSupport_timerStruct                         
200006d0  ti_sysbios_knl_Idle_taskStruct                                  
20000728  ti_sysbios_knl_Swi_readyQs                                      
20000758  ti_sysbios_knl_Task_readyQs                                     
20000788  BIOS_heapMemObject                                              
200007b4  BIOS_rtsGate                                                    
200007dc  ti_sysbios_heaps_HeapMem_gate                                   
20000844  ti_sysbios_runtime_System_atexitHandlers                        
20000864  udmaCC26XXObject                                                
200008bc  delay                                                           
200008d0  first                                                           
200008f0  PowerCC26XX_swiKey                                              
200008f4  PowerCC26XX_taskKey                                             
200008f8  i                                                               
200008fc  ptr                                                             
20000900  ti_sysbios_family_arm_cc26xx_TimestampProvider_Module_state     
20000904  ti_sysbios_knl_Task_defaultStackHeap                            
20000908  time_delay                                                      
20000910  PowerCC26X2_module                                              
20000a84  gpioPinConfigs                                                  
20000b00  BIOS_Module_state                                               
20000b2c  ti_sysbios_family_arm_m3_Hwi_Module_state                       
20000b68  ti_sysbios_runtime_Startup_done                                 
20000b6b  ti_sysbios_knl_Idle_initDone                                    
20000b6c  ti_sysbios_runtime_Memory_defaultHeapInstance                   
20000b84  ti_sysbios_runtime_Error_ignore                                 
20000b90  ti_sysbios_family_arm_cc26xx_Timer_Module_state                 
20000b9c  ti_sysbios_runtime_System_Module_state                          
20000ba8  ti_sysbios_knl_Swi_Module_state                                 
20000bd0  ti_sysbios_knl_Clock_Module_state                               
20000c38  ti_sysbios_knl_Task_Module_state                                
20000c88  _hposcCoeffs                                                    
20000c98  ti_sysbios_gates_GateMutex_Module_state                         
20000ca0  ti_sysbios_heaps_HeapMem_Module_state                           
20000ca8  ti_sysbios_knl_Semaphore_Module_state                           
20000cb4  __aeabi_errno                                                   
20000cb8  _lock                                                           
20000cbc  _unlock                                                         
20000d00  ti_sysbios_family_arm_m3_Hwi_ramVectors                         
20001830  __primary_heap_start__                                          
20005830  __primary_heap_end__                                            
20023a00  __stack                                                         
20024000  __STACK_END                                                     
ffffffff  __TI_pprof_out_hndl                                             
ffffffff  __TI_prof_data_size                                             
ffffffff  __TI_prof_data_start                                            
ffffffff  __binit__                                                       
ffffffff  binit                                                           
UNDEFED   ITM_flush                                                       
UNDEFED   ITM_restore                                                     
UNDEFED   __mpu_init                                                      

[368 symbols]
