<?xml version="1.0" encoding="ISO-8859-1" ?>
<link_info>
   <banner>TI ARM Clang Linker PC v2.1.3.LTS</banner>
   <copyright>Copyright (c) 1996-2018 Texas Instruments Incorporated</copyright>
   <link_time>0x64e73e2c</link_time>
   <link_errors>0x0</link_errors>
   <output_file>uart2callback_LP_CC1352P7_1_tirtos7_ticlang.out</output_file>
   <entry_point>
      <name>ResetISR</name>
      <address>0x4b67</address>
   </entry_point>
   <input_file_list>
      <input_file id="fl-1">
         <path>.\</path>
         <kind>object</kind>
         <file>main_tirtos.o</file>
         <name>main_tirtos.o</name>
      </input_file>
      <input_file id="fl-2">
         <path>.\</path>
         <kind>object</kind>
         <file>uart2callback.o</file>
         <name>uart2callback.o</name>
      </input_file>
      <input_file id="fl-3">
         <path>.\syscfg\</path>
         <kind>object</kind>
         <file>ti_devices_config.o</file>
         <name>ti_devices_config.o</name>
      </input_file>
      <input_file id="fl-4">
         <path>.\syscfg\</path>
         <kind>object</kind>
         <file>ti_drivers_config.o</file>
         <name>ti_drivers_config.o</name>
      </input_file>
      <input_file id="fl-5">
         <path>.\syscfg\</path>
         <kind>object</kind>
         <file>ti_sysbios_config.o</file>
         <name>ti_sysbios_config.o</name>
      </input_file>
      <input_file id="fl-15">
         <kind>object</kind>
         <file>&lt;internal&gt;</file>
         <name>&lt;internal&gt;</name>
      </input_file>
      <input_file id="fl-16">
         <path>C:\ti\simplelink_cc13xx_cc26xx_sdk_7_10_01_24\source\ti\drivers\lib\ticlang\m4f\</path>
         <kind>archive</kind>
         <file>drivers_cc13x2x7.a</file>
         <name>GPIO.c.obj</name>
      </input_file>
      <input_file id="fl-17">
         <path>C:\ti\simplelink_cc13xx_cc26xx_sdk_7_10_01_24\source\ti\drivers\lib\ticlang\m4f\</path>
         <kind>archive</kind>
         <file>drivers_cc13x2x7.a</file>
         <name>GPIOCC26XX.c.obj</name>
      </input_file>
      <input_file id="fl-18">
         <path>C:\ti\simplelink_cc13xx_cc26xx_sdk_7_10_01_24\source\ti\drivers\lib\ticlang\m4f\</path>
         <kind>archive</kind>
         <file>drivers_cc13x2x7.a</file>
         <name>PowerCC26X2.c.obj</name>
      </input_file>
      <input_file id="fl-19">
         <path>C:\ti\simplelink_cc13xx_cc26xx_sdk_7_10_01_24\source\ti\drivers\lib\ticlang\m4f\</path>
         <kind>archive</kind>
         <file>drivers_cc13x2x7.a</file>
         <name>PowerCC26X2_calibrateRCOSC.c.obj</name>
      </input_file>
      <input_file id="fl-1a">
         <path>C:\ti\simplelink_cc13xx_cc26xx_sdk_7_10_01_24\source\ti\drivers\lib\ticlang\m4f\</path>
         <kind>archive</kind>
         <file>drivers_cc13x2x7.a</file>
         <name>TemperatureCC26X2.c.obj</name>
      </input_file>
      <input_file id="fl-1b">
         <path>C:\ti\simplelink_cc13xx_cc26xx_sdk_7_10_01_24\source\ti\drivers\lib\ticlang\m4f\</path>
         <kind>archive</kind>
         <file>drivers_cc13x2x7.a</file>
         <name>UART2.c.obj</name>
      </input_file>
      <input_file id="fl-1c">
         <path>C:\ti\simplelink_cc13xx_cc26xx_sdk_7_10_01_24\source\ti\drivers\lib\ticlang\m4f\</path>
         <kind>archive</kind>
         <file>drivers_cc13x2x7.a</file>
         <name>UART2CC26X2.c.obj</name>
      </input_file>
      <input_file id="fl-1d">
         <path>C:\ti\simplelink_cc13xx_cc26xx_sdk_7_10_01_24\source\ti\drivers\lib\ticlang\m4f\</path>
         <kind>archive</kind>
         <file>drivers_cc13x2x7.a</file>
         <name>GPIOCC26X2.c.obj</name>
      </input_file>
      <input_file id="fl-1e">
         <path>C:\ti\simplelink_cc13xx_cc26xx_sdk_7_10_01_24\source\ti\drivers\lib\ticlang\m4f\</path>
         <kind>archive</kind>
         <file>drivers_cc13x2x7.a</file>
         <name>PowerCC26X2_calibrateRCOSC_helpers.c.obj</name>
      </input_file>
      <input_file id="fl-1f">
         <path>C:\ti\simplelink_cc13xx_cc26xx_sdk_7_10_01_24\source\ti\drivers\lib\ticlang\m4f\</path>
         <kind>archive</kind>
         <file>drivers_cc13x2x7.a</file>
         <name>PowerCC26X2_helpers.c.obj</name>
      </input_file>
      <input_file id="fl-20">
         <path>C:\ti\simplelink_cc13xx_cc26xx_sdk_7_10_01_24\source\ti\drivers\lib\ticlang\m4f\</path>
         <kind>archive</kind>
         <file>drivers_cc13x2x7.a</file>
         <name>List.c.obj</name>
      </input_file>
      <input_file id="fl-21">
         <path>C:\ti\simplelink_cc13xx_cc26xx_sdk_7_10_01_24\source\ti\drivers\lib\ticlang\m4f\</path>
         <kind>archive</kind>
         <file>drivers_cc13x2x7.a</file>
         <name>RingBuf.c.obj</name>
      </input_file>
      <input_file id="fl-22">
         <path>C:\ti\simplelink_cc13xx_cc26xx_sdk_7_10_01_24\source\ti\drivers\lib\ticlang\m4f\</path>
         <kind>archive</kind>
         <file>drivers_cc13x2x7.a</file>
         <name>UDMACC26XX.c.obj</name>
      </input_file>
      <input_file id="fl-23">
         <path>C:\ti\simplelink_cc13xx_cc26xx_sdk_7_10_01_24\kernel\tirtos7\packages\ti\sysbios\lib\ticlang\m4f\</path>
         <kind>archive</kind>
         <file>sysbios.a</file>
         <name>TaskSupport_asm_gcc.s.obj</name>
      </input_file>
      <input_file id="fl-24">
         <path>C:\ti\simplelink_cc13xx_cc26xx_sdk_7_10_01_24\kernel\tirtos7\packages\ti\sysbios\lib\ticlang\m4f\</path>
         <kind>archive</kind>
         <file>sysbios.a</file>
         <name>Hwi_asm_gcc.s.obj</name>
      </input_file>
      <input_file id="fl-25">
         <path>C:\ti\simplelink_cc13xx_cc26xx_sdk_7_10_01_24\kernel\tirtos7\packages\ti\sysbios\lib\ticlang\m4f\</path>
         <kind>archive</kind>
         <file>sysbios.a</file>
         <name>Hwi_asm_switch_gcc.s.obj</name>
      </input_file>
      <input_file id="fl-26">
         <path>C:\ti\simplelink_cc13xx_cc26xx_sdk_7_10_01_24\kernel\tirtos7\packages\ti\sysbios\lib\ticlang\m4f\</path>
         <kind>archive</kind>
         <file>sysbios.a</file>
         <name>boot_cortex_m.c.obj</name>
      </input_file>
      <input_file id="fl-27">
         <path>C:\ti\simplelink_cc13xx_cc26xx_sdk_7_10_01_24\source\ti\devices\cc13x2x7_cc26x2x7\driverlib\bin\ticlang\</path>
         <kind>archive</kind>
         <file>driverlib.lib</file>
         <name>osc.o</name>
      </input_file>
      <input_file id="fl-28">
         <path>C:\ti\simplelink_cc13xx_cc26xx_sdk_7_10_01_24\source\ti\devices\cc13x2x7_cc26x2x7\driverlib\bin\ticlang\</path>
         <kind>archive</kind>
         <file>driverlib.lib</file>
         <name>cpu.o</name>
      </input_file>
      <input_file id="fl-29">
         <path>C:\ti\simplelink_cc13xx_cc26xx_sdk_7_10_01_24\source\ti\devices\cc13x2x7_cc26x2x7\driverlib\bin\ticlang\</path>
         <kind>archive</kind>
         <file>driverlib.lib</file>
         <name>setup.o</name>
      </input_file>
      <input_file id="fl-2a">
         <path>C:\ti\simplelink_cc13xx_cc26xx_sdk_7_10_01_24\source\ti\devices\cc13x2x7_cc26x2x7\driverlib\bin\ticlang\</path>
         <kind>archive</kind>
         <file>driverlib.lib</file>
         <name>prcm.o</name>
      </input_file>
      <input_file id="fl-2b">
         <path>C:\ti\simplelink_cc13xx_cc26xx_sdk_7_10_01_24\source\ti\devices\cc13x2x7_cc26x2x7\driverlib\bin\ticlang\</path>
         <kind>archive</kind>
         <file>driverlib.lib</file>
         <name>aux_sysif.o</name>
      </input_file>
      <input_file id="fl-2c">
         <path>C:\ti\simplelink_cc13xx_cc26xx_sdk_7_10_01_24\source\ti\devices\cc13x2x7_cc26x2x7\driverlib\bin\ticlang\</path>
         <kind>archive</kind>
         <file>driverlib.lib</file>
         <name>sys_ctrl.o</name>
      </input_file>
      <input_file id="fl-2d">
         <path>C:\ti\simplelink_cc13xx_cc26xx_sdk_7_10_01_24\source\ti\devices\cc13x2x7_cc26x2x7\driverlib\bin\ticlang\</path>
         <kind>archive</kind>
         <file>driverlib.lib</file>
         <name>chipinfo.o</name>
      </input_file>
      <input_file id="fl-39">
         <path>D:\Texas_programming\CODE\ccs\tools\compiler\ti-cgt-armllvm_2.1.3.LTS\lib\armv7em-ti-none-eabihf\c\</path>
         <kind>archive</kind>
         <file>libc.a</file>
         <name>aeabi_portable.c.obj</name>
      </input_file>
      <input_file id="fl-3a">
         <path>D:\Texas_programming\CODE\ccs\tools\compiler\ti-cgt-armllvm_2.1.3.LTS\lib\armv7em-ti-none-eabihf\c\</path>
         <kind>archive</kind>
         <file>libc.a</file>
         <name>exit.c.obj</name>
      </input_file>
      <input_file id="fl-3b">
         <path>D:\Texas_programming\CODE\ccs\tools\compiler\ti-cgt-armllvm_2.1.3.LTS\lib\armv7em-ti-none-eabihf\c\</path>
         <kind>archive</kind>
         <file>libc.a</file>
         <name>_lock.c.obj</name>
      </input_file>
      <input_file id="fl-3c">
         <path>D:\Texas_programming\CODE\ccs\tools\compiler\ti-cgt-armllvm_2.1.3.LTS\lib\armv7em-ti-none-eabihf\c\</path>
         <kind>archive</kind>
         <file>libc.a</file>
         <name>args_main.c.obj</name>
      </input_file>
      <input_file id="fl-3d">
         <path>D:\Texas_programming\CODE\ccs\tools\compiler\ti-cgt-armllvm_2.1.3.LTS\lib\armv7em-ti-none-eabihf\c\</path>
         <kind>archive</kind>
         <file>libc.a</file>
         <name>assert.c.obj</name>
      </input_file>
      <input_file id="fl-3e">
         <path>D:\Texas_programming\CODE\ccs\tools\compiler\ti-cgt-armllvm_2.1.3.LTS\lib\armv7em-ti-none-eabihf\c\</path>
         <kind>archive</kind>
         <file>libc.a</file>
         <name>atoi.c.obj</name>
      </input_file>
      <input_file id="fl-3f">
         <path>D:\Texas_programming\CODE\ccs\tools\compiler\ti-cgt-armllvm_2.1.3.LTS\lib\armv7em-ti-none-eabihf\c\</path>
         <kind>archive</kind>
         <file>libc.a</file>
         <name>defs.c.obj</name>
      </input_file>
      <input_file id="fl-40">
         <path>D:\Texas_programming\CODE\ccs\tools\compiler\ti-cgt-armllvm_2.1.3.LTS\lib\armv7em-ti-none-eabihf\c\</path>
         <kind>archive</kind>
         <file>libc.a</file>
         <name>strtok.c.obj</name>
      </input_file>
      <input_file id="fl-41">
         <path>D:\Texas_programming\CODE\ccs\tools\compiler\ti-cgt-armllvm_2.1.3.LTS\lib\armv7em-ti-none-eabihf\c\</path>
         <kind>archive</kind>
         <file>libc.a</file>
         <name>autoinit.c.obj</name>
      </input_file>
      <input_file id="fl-42">
         <path>D:\Texas_programming\CODE\ccs\tools\compiler\ti-cgt-armllvm_2.1.3.LTS\lib\armv7em-ti-none-eabihf\c\</path>
         <kind>archive</kind>
         <file>libc.a</file>
         <name>cpy_tbl.c.obj</name>
      </input_file>
      <input_file id="fl-43">
         <path>D:\Texas_programming\CODE\ccs\tools\compiler\ti-cgt-armllvm_2.1.3.LTS\lib\armv7em-ti-none-eabihf\c\</path>
         <kind>archive</kind>
         <file>libc.a</file>
         <name>copy_zero_init.c.obj</name>
      </input_file>
      <input_file id="fl-44">
         <path>D:\Texas_programming\CODE\ccs\tools\compiler\ti-cgt-armllvm_2.1.3.LTS\lib\armv7em-ti-none-eabihf\c\</path>
         <kind>archive</kind>
         <file>libc.a</file>
         <name>copy_decompress_none.c.obj</name>
      </input_file>
      <input_file id="fl-45">
         <path>D:\Texas_programming\CODE\ccs\tools\compiler\ti-cgt-armllvm_2.1.3.LTS\lib\armv7em-ti-none-eabihf\c\</path>
         <kind>archive</kind>
         <file>libc.a</file>
         <name>copy_decompress_lzss.c.obj</name>
      </input_file>
      <input_file id="fl-46">
         <path>D:\Texas_programming\CODE\ccs\tools\compiler\ti-cgt-armllvm_2.1.3.LTS\lib\armv7em-ti-none-eabihf\c\</path>
         <kind>archive</kind>
         <file>libc.a</file>
         <name>sprintf.c.obj</name>
      </input_file>
      <input_file id="fl-47">
         <path>D:\Texas_programming\CODE\ccs\tools\compiler\ti-cgt-armllvm_2.1.3.LTS\lib\armv7em-ti-none-eabihf\c\</path>
         <kind>archive</kind>
         <file>libc.a</file>
         <name>fflush.c.obj</name>
      </input_file>
      <input_file id="fl-48">
         <path>D:\Texas_programming\CODE\ccs\tools\compiler\ti-cgt-armllvm_2.1.3.LTS\lib\armv7em-ti-none-eabihf\c\</path>
         <kind>archive</kind>
         <file>libc.a</file>
         <name>fputs.c.obj</name>
      </input_file>
      <input_file id="fl-49">
         <path>D:\Texas_programming\CODE\ccs\tools\compiler\ti-cgt-armllvm_2.1.3.LTS\lib\armv7em-ti-none-eabihf\c\</path>
         <kind>archive</kind>
         <file>libc.a</file>
         <name>_io_perm.c.obj</name>
      </input_file>
      <input_file id="fl-4a">
         <path>D:\Texas_programming\CODE\ccs\tools\compiler\ti-cgt-armllvm_2.1.3.LTS\lib\armv7em-ti-none-eabihf\c\</path>
         <kind>archive</kind>
         <file>libc.a</file>
         <name>setvbuf.c.obj</name>
      </input_file>
      <input_file id="fl-4b">
         <path>D:\Texas_programming\CODE\ccs\tools\compiler\ti-cgt-armllvm_2.1.3.LTS\lib\armv7em-ti-none-eabihf\c\</path>
         <kind>archive</kind>
         <file>libc.a</file>
         <name>aeabi_ctype.S.obj</name>
      </input_file>
      <input_file id="fl-4c">
         <path>D:\Texas_programming\CODE\ccs\tools\compiler\ti-cgt-armllvm_2.1.3.LTS\lib\armv7em-ti-none-eabihf\c\</path>
         <kind>archive</kind>
         <file>libc.a</file>
         <name>strcspn.c.obj</name>
      </input_file>
      <input_file id="fl-4d">
         <path>D:\Texas_programming\CODE\ccs\tools\compiler\ti-cgt-armllvm_2.1.3.LTS\lib\armv7em-ti-none-eabihf\c\</path>
         <kind>archive</kind>
         <file>libc.a</file>
         <name>strspn.c.obj</name>
      </input_file>
      <input_file id="fl-4e">
         <path>D:\Texas_programming\CODE\ccs\tools\compiler\ti-cgt-armllvm_2.1.3.LTS\lib\armv7em-ti-none-eabihf\c\</path>
         <kind>archive</kind>
         <file>libc.a</file>
         <name>_printfi.c.obj</name>
      </input_file>
      <input_file id="fl-4f">
         <path>D:\Texas_programming\CODE\ccs\tools\compiler\ti-cgt-armllvm_2.1.3.LTS\lib\armv7em-ti-none-eabihf\c\</path>
         <kind>archive</kind>
         <file>libc.a</file>
         <name>fopen.c.obj</name>
      </input_file>
      <input_file id="fl-50">
         <path>D:\Texas_programming\CODE\ccs\tools\compiler\ti-cgt-armllvm_2.1.3.LTS\lib\armv7em-ti-none-eabihf\c\</path>
         <kind>archive</kind>
         <file>libc.a</file>
         <name>fseek.c.obj</name>
      </input_file>
      <input_file id="fl-51">
         <path>D:\Texas_programming\CODE\ccs\tools\compiler\ti-cgt-armllvm_2.1.3.LTS\lib\armv7em-ti-none-eabihf\c\</path>
         <kind>archive</kind>
         <file>libc.a</file>
         <name>s_frexp.c.obj</name>
      </input_file>
      <input_file id="fl-52">
         <path>D:\Texas_programming\CODE\ccs\tools\compiler\ti-cgt-armllvm_2.1.3.LTS\lib\armv7em-ti-none-eabihf\c\</path>
         <kind>archive</kind>
         <file>libc.a</file>
         <name>s_scalbn.c.obj</name>
      </input_file>
      <input_file id="fl-53">
         <path>D:\Texas_programming\CODE\ccs\tools\compiler\ti-cgt-armllvm_2.1.3.LTS\lib\armv7em-ti-none-eabihf\c\</path>
         <kind>archive</kind>
         <file>libc.a</file>
         <name>_ltoa.c.obj</name>
      </input_file>
      <input_file id="fl-54">
         <path>D:\Texas_programming\CODE\ccs\tools\compiler\ti-cgt-armllvm_2.1.3.LTS\lib\armv7em-ti-none-eabihf\c\</path>
         <kind>archive</kind>
         <file>libc.a</file>
         <name>memccpy.c.obj</name>
      </input_file>
      <input_file id="fl-55">
         <path>D:\Texas_programming\CODE\ccs\tools\compiler\ti-cgt-armllvm_2.1.3.LTS\lib\armv7em-ti-none-eabihf\c\</path>
         <kind>archive</kind>
         <file>libc.a</file>
         <name>wcslen.c.obj</name>
      </input_file>
      <input_file id="fl-56">
         <path>D:\Texas_programming\CODE\ccs\tools\compiler\ti-cgt-armllvm_2.1.3.LTS\lib\armv7em-ti-none-eabihf\c\</path>
         <kind>archive</kind>
         <file>libc.a</file>
         <name>fclose.c.obj</name>
      </input_file>
      <input_file id="fl-8f">
         <path>D:\Texas_programming\CODE\ccs\tools\compiler\ti-cgt-armllvm_2.1.3.LTS\lib\armv7em-ti-none-eabihf\c\</path>
         <kind>archive</kind>
         <file>libsysbm.a</file>
         <name>write.c.obj</name>
      </input_file>
      <input_file id="fl-90">
         <path>D:\Texas_programming\CODE\ccs\tools\compiler\ti-cgt-armllvm_2.1.3.LTS\lib\armv7em-ti-none-eabihf\c\</path>
         <kind>archive</kind>
         <file>libsysbm.a</file>
         <name>host_device.c.obj</name>
      </input_file>
      <input_file id="fl-91">
         <path>D:\Texas_programming\CODE\ccs\tools\compiler\ti-cgt-armllvm_2.1.3.LTS\lib\armv7em-ti-none-eabihf\c\</path>
         <kind>archive</kind>
         <file>libsysbm.a</file>
         <name>remove.c.obj</name>
      </input_file>
      <input_file id="fl-92">
         <path>D:\Texas_programming\CODE\ccs\tools\compiler\ti-cgt-armllvm_2.1.3.LTS\lib\armv7em-ti-none-eabihf\c\</path>
         <kind>archive</kind>
         <file>libsysbm.a</file>
         <name>open.c.obj</name>
      </input_file>
      <input_file id="fl-93">
         <path>D:\Texas_programming\CODE\ccs\tools\compiler\ti-cgt-armllvm_2.1.3.LTS\lib\armv7em-ti-none-eabihf\c\</path>
         <kind>archive</kind>
         <file>libsysbm.a</file>
         <name>lseek.c.obj</name>
      </input_file>
      <input_file id="fl-94">
         <path>D:\Texas_programming\CODE\ccs\tools\compiler\ti-cgt-armllvm_2.1.3.LTS\lib\armv7em-ti-none-eabihf\c\</path>
         <kind>archive</kind>
         <file>libsysbm.a</file>
         <name>close.c.obj</name>
      </input_file>
      <input_file id="fl-95">
         <path>D:\Texas_programming\CODE\ccs\tools\compiler\ti-cgt-armllvm_2.1.3.LTS\lib\armv7em-ti-none-eabihf\c\</path>
         <kind>archive</kind>
         <file>libsysbm.a</file>
         <name>unlink.c.obj</name>
      </input_file>
      <input_file id="fl-96">
         <path>D:\Texas_programming\CODE\ccs\tools\compiler\ti-cgt-armllvm_2.1.3.LTS\lib\armv7em-ti-none-eabihf\c\</path>
         <kind>archive</kind>
         <file>libsysbm.a</file>
         <name>hostclose.c.obj</name>
      </input_file>
      <input_file id="fl-97">
         <path>D:\Texas_programming\CODE\ccs\tools\compiler\ti-cgt-armllvm_2.1.3.LTS\lib\armv7em-ti-none-eabihf\c\</path>
         <kind>archive</kind>
         <file>libsysbm.a</file>
         <name>hostlseek.c.obj</name>
      </input_file>
      <input_file id="fl-98">
         <path>D:\Texas_programming\CODE\ccs\tools\compiler\ti-cgt-armllvm_2.1.3.LTS\lib\armv7em-ti-none-eabihf\c\</path>
         <kind>archive</kind>
         <file>libsysbm.a</file>
         <name>hostopen.c.obj</name>
      </input_file>
      <input_file id="fl-99">
         <path>D:\Texas_programming\CODE\ccs\tools\compiler\ti-cgt-armllvm_2.1.3.LTS\lib\armv7em-ti-none-eabihf\c\</path>
         <kind>archive</kind>
         <file>libsysbm.a</file>
         <name>hostread.c.obj</name>
      </input_file>
      <input_file id="fl-9a">
         <path>D:\Texas_programming\CODE\ccs\tools\compiler\ti-cgt-armllvm_2.1.3.LTS\lib\armv7em-ti-none-eabihf\c\</path>
         <kind>archive</kind>
         <file>libsysbm.a</file>
         <name>hostrename.c.obj</name>
      </input_file>
      <input_file id="fl-9b">
         <path>D:\Texas_programming\CODE\ccs\tools\compiler\ti-cgt-armllvm_2.1.3.LTS\lib\armv7em-ti-none-eabihf\c\</path>
         <kind>archive</kind>
         <file>libsysbm.a</file>
         <name>hostunlink.c.obj</name>
      </input_file>
      <input_file id="fl-9c">
         <path>D:\Texas_programming\CODE\ccs\tools\compiler\ti-cgt-armllvm_2.1.3.LTS\lib\armv7em-ti-none-eabihf\c\</path>
         <kind>archive</kind>
         <file>libsysbm.a</file>
         <name>hostwrite.c.obj</name>
      </input_file>
      <input_file id="fl-9d">
         <path>D:\Texas_programming\CODE\ccs\tools\compiler\ti-cgt-armllvm_2.1.3.LTS\lib\armv7em-ti-none-eabihf\c\</path>
         <kind>archive</kind>
         <file>libsysbm.a</file>
         <name>trgmsg.c.obj</name>
      </input_file>
      <input_file id="fl-9e">
         <path>D:\Texas_programming\CODE\ccs\tools\compiler\ti-cgt-armllvm_2.1.3.LTS\lib\clang\14.0.6\lib\armv7em-ti-none-eabihf\</path>
         <kind>archive</kind>
         <file>libclang_rt.builtins.a</file>
         <name>adddf3.S.obj</name>
      </input_file>
      <input_file id="fl-9f">
         <path>D:\Texas_programming\CODE\ccs\tools\compiler\ti-cgt-armllvm_2.1.3.LTS\lib\clang\14.0.6\lib\armv7em-ti-none-eabihf\</path>
         <kind>archive</kind>
         <file>libclang_rt.builtins.a</file>
         <name>muldf3.S.obj</name>
      </input_file>
      <input_file id="fl-a0">
         <path>D:\Texas_programming\CODE\ccs\tools\compiler\ti-cgt-armllvm_2.1.3.LTS\lib\clang\14.0.6\lib\armv7em-ti-none-eabihf\</path>
         <kind>archive</kind>
         <file>libclang_rt.builtins.a</file>
         <name>divdf3.S.obj</name>
      </input_file>
      <input_file id="fl-a1">
         <path>D:\Texas_programming\CODE\ccs\tools\compiler\ti-cgt-armllvm_2.1.3.LTS\lib\clang\14.0.6\lib\armv7em-ti-none-eabihf\</path>
         <kind>archive</kind>
         <file>libclang_rt.builtins.a</file>
         <name>extendsfdf2.S.obj</name>
      </input_file>
      <input_file id="fl-a2">
         <path>D:\Texas_programming\CODE\ccs\tools\compiler\ti-cgt-armllvm_2.1.3.LTS\lib\clang\14.0.6\lib\armv7em-ti-none-eabihf\</path>
         <kind>archive</kind>
         <file>libclang_rt.builtins.a</file>
         <name>fixdfsi.S.obj</name>
      </input_file>
      <input_file id="fl-a3">
         <path>D:\Texas_programming\CODE\ccs\tools\compiler\ti-cgt-armllvm_2.1.3.LTS\lib\clang\14.0.6\lib\armv7em-ti-none-eabihf\</path>
         <kind>archive</kind>
         <file>libclang_rt.builtins.a</file>
         <name>fixunsdfsi.S.obj</name>
      </input_file>
      <input_file id="fl-a4">
         <path>D:\Texas_programming\CODE\ccs\tools\compiler\ti-cgt-armllvm_2.1.3.LTS\lib\clang\14.0.6\lib\armv7em-ti-none-eabihf\</path>
         <kind>archive</kind>
         <file>libclang_rt.builtins.a</file>
         <name>floatsidf.S.obj</name>
      </input_file>
      <input_file id="fl-a5">
         <path>D:\Texas_programming\CODE\ccs\tools\compiler\ti-cgt-armllvm_2.1.3.LTS\lib\clang\14.0.6\lib\armv7em-ti-none-eabihf\</path>
         <kind>archive</kind>
         <file>libclang_rt.builtins.a</file>
         <name>aeabi_dcmp.S.obj</name>
      </input_file>
      <input_file id="fl-a6">
         <path>D:\Texas_programming\CODE\ccs\tools\compiler\ti-cgt-armllvm_2.1.3.LTS\lib\clang\14.0.6\lib\armv7em-ti-none-eabihf\</path>
         <kind>archive</kind>
         <file>libclang_rt.builtins.a</file>
         <name>aeabi_ldivmod.S.obj</name>
      </input_file>
      <input_file id="fl-a7">
         <path>D:\Texas_programming\CODE\ccs\tools\compiler\ti-cgt-armllvm_2.1.3.LTS\lib\clang\14.0.6\lib\armv7em-ti-none-eabihf\</path>
         <kind>archive</kind>
         <file>libclang_rt.builtins.a</file>
         <name>aeabi_memcpy.S.obj</name>
      </input_file>
      <input_file id="fl-a8">
         <path>D:\Texas_programming\CODE\ccs\tools\compiler\ti-cgt-armllvm_2.1.3.LTS\lib\clang\14.0.6\lib\armv7em-ti-none-eabihf\</path>
         <kind>archive</kind>
         <file>libclang_rt.builtins.a</file>
         <name>aeabi_memset.S.obj</name>
      </input_file>
      <input_file id="fl-a9">
         <path>D:\Texas_programming\CODE\ccs\tools\compiler\ti-cgt-armllvm_2.1.3.LTS\lib\clang\14.0.6\lib\armv7em-ti-none-eabihf\</path>
         <kind>archive</kind>
         <file>libclang_rt.builtins.a</file>
         <name>aeabi_uldivmod.S.obj</name>
      </input_file>
      <input_file id="fl-aa">
         <path>D:\Texas_programming\CODE\ccs\tools\compiler\ti-cgt-armllvm_2.1.3.LTS\lib\clang\14.0.6\lib\armv7em-ti-none-eabihf\</path>
         <kind>archive</kind>
         <file>libclang_rt.builtins.a</file>
         <name>udivmoddi4.S.obj</name>
      </input_file>
      <input_file id="fl-ab">
         <path>D:\Texas_programming\CODE\ccs\tools\compiler\ti-cgt-armllvm_2.1.3.LTS\lib\clang\14.0.6\lib\armv7em-ti-none-eabihf\</path>
         <kind>archive</kind>
         <file>libclang_rt.builtins.a</file>
         <name>comparedf2.c.obj</name>
      </input_file>
      <input_file id="fl-ac">
         <path>D:\Texas_programming\CODE\ccs\tools\compiler\ti-cgt-armllvm_2.1.3.LTS\lib\clang\14.0.6\lib\armv7em-ti-none-eabihf\</path>
         <kind>archive</kind>
         <file>libclang_rt.builtins.a</file>
         <name>divmoddi4.c.obj</name>
      </input_file>
      <input_file id="fl-ad">
         <path>D:\Texas_programming\CODE\ccs\tools\compiler\ti-cgt-armllvm_2.1.3.LTS\lib\clang\14.0.6\lib\armv7em-ti-none-eabihf\</path>
         <kind>archive</kind>
         <file>libclang_rt.builtins.a</file>
         <name>aeabi_div0.c.obj</name>
      </input_file>
      <input_file id="fl-ae">
         <path>D:\Texas_programming\CODE\ccs\tools\compiler\ti-cgt-armllvm_2.1.3.LTS\lib\armv7em-ti-none-eabihf\c\</path>
         <kind>archive</kind>
         <file>libc.a</file>
         <name>getdevice.c.obj</name>
      </input_file>
      <input_file id="fl-af">
         <path>D:\Texas_programming\CODE\ccs\tools\compiler\ti-cgt-armllvm_2.1.3.LTS\lib\armv7em-ti-none-eabihf\c\</path>
         <kind>archive</kind>
         <file>libc.a</file>
         <name>memcpy_t2.S.obj</name>
      </input_file>
      <input_file id="fl-b0">
         <path>D:\Texas_programming\CODE\ccs\tools\compiler\ti-cgt-armllvm_2.1.3.LTS\lib\armv7em-ti-none-eabihf\c\</path>
         <kind>archive</kind>
         <file>libc.a</file>
         <name>memset_t2.S.obj</name>
      </input_file>
   </input_file_list>
   <object_component_list>
      <object_component id="oc-3d">
         <name>.resetVecs</name>
         <load_address>0x0</load_address>
         <run_address>0x0</run_address>
         <size>0x3c</size>
         <input_file_ref idref="fl-5"/>
      </object_component>
      <object_component id="oc-174">
         <name>.text.UART2CC26X2_hwiIntFxn</name>
         <load_address>0x3c</load_address>
         <run_address>0x3c</run_address>
         <size>0x1f0</size>
         <input_file_ref idref="fl-1c"/>
      </object_component>
      <object_component id="oc-177">
         <name>.text.UART2_readTimeout</name>
         <load_address>0x22c</load_address>
         <run_address>0x22c</run_address>
         <size>0x1d2</size>
         <input_file_ref idref="fl-1b"/>
      </object_component>
      <object_component id="oc-22e">
         <name>.text.BIOS_nullFunc</name>
         <load_address>0x3fe</load_address>
         <run_address>0x3fe</run_address>
         <size>0x2</size>
         <input_file_ref idref="fl-5"/>
      </object_component>
      <object_component id="oc-13c">
         <name>.text.PowerCC26X2_auxISR</name>
         <load_address>0x400</load_address>
         <run_address>0x400</run_address>
         <size>0x194</size>
         <input_file_ref idref="fl-19"/>
      </object_component>
      <object_component id="oc-ee">
         <name>.text.UART2_open</name>
         <load_address>0x594</load_address>
         <run_address>0x594</run_address>
         <size>0x18c</size>
         <input_file_ref idref="fl-1c"/>
      </object_component>
      <object_component id="oc-27a">
         <name>.text.UART2_writeTimeoutBlocking</name>
         <load_address>0x720</load_address>
         <run_address>0x720</run_address>
         <size>0x174</size>
         <input_file_ref idref="fl-1b"/>
      </object_component>
      <object_component id="oc-24f">
         <name>.text.Power_sleep</name>
         <load_address>0x894</load_address>
         <run_address>0x894</run_address>
         <size>0x158</size>
         <input_file_ref idref="fl-18"/>
      </object_component>
      <object_component id="oc-237">
         <name>.text.ti_sysbios_family_arm_cc26xx_Timer_construct</name>
         <load_address>0x9ec</load_address>
         <run_address>0x9ec</run_address>
         <size>0x120</size>
         <input_file_ref idref="fl-5"/>
      </object_component>
      <object_component id="oc-6a">
         <name>.text.ti_sysbios_family_arm_m3_Hwi_dispatch</name>
         <load_address>0xb0c</load_address>
         <run_address>0xb0c</run_address>
         <size>0x11c</size>
         <input_file_ref idref="fl-24"/>
      </object_component>
      <object_component id="oc-279">
         <name>.text.UART2_writeTimeoutNonblocking</name>
         <load_address>0xc28</load_address>
         <run_address>0xc28</run_address>
         <size>0x11a</size>
         <input_file_ref idref="fl-1b"/>
      </object_component>
      <object_component id="oc-db">
         <name>.text.Board_initHook</name>
         <load_address>0xd42</load_address>
         <run_address>0xd42</run_address>
         <size>0x2</size>
         <input_file_ref idref="fl-4"/>
      </object_component>
      <object_component id="oc-ce">
         <name>.text.Power_init</name>
         <load_address>0xd44</load_address>
         <run_address>0xd44</run_address>
         <size>0x118</size>
         <input_file_ref idref="fl-18"/>
      </object_component>
      <object_component id="oc-1d3">
         <name>.text.PowerCC26X2_calibrate</name>
         <load_address>0xe5c</load_address>
         <run_address>0xe5c</run_address>
         <size>0x10c</size>
         <input_file_ref idref="fl-19"/>
      </object_component>
      <object_component id="oc-d4">
         <name>.text.GPIO_init</name>
         <load_address>0xf68</load_address>
         <run_address>0xf68</run_address>
         <size>0x104</size>
         <input_file_ref idref="fl-1d"/>
      </object_component>
      <object_component id="oc-2cc">
         <name>.text.NOROM_SysCtrlStandby</name>
         <load_address>0x106c</load_address>
         <run_address>0x106c</run_address>
         <size>0x104</size>
         <input_file_ref idref="fl-2c"/>
      </object_component>
      <object_component id="oc-16d">
         <name>.text.UART2CC26X2_initHw</name>
         <load_address>0x1170</load_address>
         <run_address>0x1170</run_address>
         <size>0x104</size>
         <input_file_ref idref="fl-1c"/>
      </object_component>
      <object_component id="oc-204">
         <name>.text.UART2Support_dmaStartRx</name>
         <load_address>0x1274</load_address>
         <run_address>0x1274</run_address>
         <size>0xf0</size>
         <input_file_ref idref="fl-1c"/>
      </object_component>
      <object_component id="oc-6b">
         <name>.text.NOROM_SetupTrimDevice</name>
         <load_address>0x1364</load_address>
         <run_address>0x1364</run_address>
         <size>0xe4</size>
         <input_file_ref idref="fl-29"/>
      </object_component>
      <object_component id="oc-267">
         <name>.text.ti_sysbios_knl_Semaphore_pend</name>
         <load_address>0x1448</load_address>
         <run_address>0x1448</run_address>
         <size>0xe4</size>
         <input_file_ref idref="fl-5"/>
      </object_component>
      <object_component id="oc-ab">
         <name>.text.pthread_create</name>
         <load_address>0x152c</load_address>
         <run_address>0x152c</run_address>
         <size>0xd8</size>
         <input_file_ref idref="fl-5"/>
      </object_component>
      <object_component id="oc-10e">
         <name>.text.ti_sysbios_family_arm_m3_Hwi_excFillContext</name>
         <load_address>0x1604</load_address>
         <run_address>0x1604</run_address>
         <size>0xd8</size>
         <input_file_ref idref="fl-5"/>
      </object_component>
      <object_component id="oc-1b9">
         <name>.text.configureXOSCHF</name>
         <load_address>0x16dc</load_address>
         <run_address>0x16dc</run_address>
         <size>0xd0</size>
         <input_file_ref idref="fl-18"/>
      </object_component>
      <object_component id="oc-1ac">
         <name>.text.ti_sysbios_knl_Clock_workFuncDynamic</name>
         <load_address>0x17ac</load_address>
         <run_address>0x17ac</run_address>
         <size>0xcc</size>
         <input_file_ref idref="fl-5"/>
      </object_component>
      <object_component id="oc-9b">
         <name>.text.TrimAfterColdResetWakeupFromShutDown</name>
         <load_address>0x1878</load_address>
         <run_address>0x1878</run_address>
         <size>0xc0</size>
         <input_file_ref idref="fl-29"/>
      </object_component>
      <object_component id="oc-206">
         <name>.text.UART2Support_dmaStartTx</name>
         <load_address>0x1938</load_address>
         <run_address>0x1938</run_address>
         <size>0xbc</size>
         <input_file_ref idref="fl-1c"/>
      </object_component>
      <object_component id="oc-1e7">
         <name>.text.ti_sysbios_knl_Task_Instance_finalize</name>
         <load_address>0x19f4</load_address>
         <run_address>0x19f4</run_address>
         <size>0xb8</size>
         <input_file_ref idref="fl-5"/>
      </object_component>
      <object_component id="oc-2af">
         <name>.text.NOROM_OSCHF_AttemptToSwitchToXosc</name>
         <load_address>0x1aac</load_address>
         <run_address>0x1aac</run_address>
         <size>0xb4</size>
         <input_file_ref idref="fl-27"/>
      </object_component>
      <object_component id="oc-1bb">
         <name>.text.PowerCC26XX_standbyPolicy</name>
         <load_address>0x1b60</load_address>
         <run_address>0x1b60</run_address>
         <size>0xb4</size>
         <input_file_ref idref="fl-5"/>
      </object_component>
      <object_component id="oc-25f">
         <name>.text.Power_releaseDependency</name>
         <load_address>0x1c14</load_address>
         <run_address>0x1c14</run_address>
         <size>0xb4</size>
         <input_file_ref idref="fl-18"/>
      </object_component>
      <object_component id="oc-fe">
         <name>.text.callbackFxn</name>
         <load_address>0x1cc8</load_address>
         <run_address>0x1cc8</run_address>
         <size>0xb4</size>
         <input_file_ref idref="fl-2"/>
      </object_component>
      <object_component id="oc-e0">
         <name>.text.ti_sysbios_knl_Task_setPri</name>
         <load_address>0x1d7c</load_address>
         <run_address>0x1d7c</run_address>
         <size>0xb4</size>
         <input_file_ref idref="fl-5"/>
      </object_component>
      <object_component id="oc-141">
         <name>.text.Power_setDependency</name>
         <load_address>0x1e30</load_address>
         <run_address>0x1e30</run_address>
         <size>0xb0</size>
         <input_file_ref idref="fl-18"/>
      </object_component>
      <object_component id="oc-23a">
         <name>.text</name>
         <load_address>0x1ee0</load_address>
         <run_address>0x1ee0</run_address>
         <size>0xb0</size>
         <input_file_ref idref="fl-aa"/>
      </object_component>
      <object_component id="oc-1e6">
         <name>.text.ti_sysbios_knl_Task_Instance_init</name>
         <load_address>0x1f90</load_address>
         <run_address>0x1f90</run_address>
         <size>0xa4</size>
         <input_file_ref idref="fl-5"/>
      </object_component>
      <object_component id="oc-212">
         <name>.text.ti_sysbios_knl_Clock_startI</name>
         <load_address>0x2034</load_address>
         <run_address>0x2034</run_address>
         <size>0x94</size>
         <input_file_ref idref="fl-5"/>
      </object_component>
      <object_component id="oc-182">
         <name>.text.ti_sysbios_knl_Task_sleep</name>
         <load_address>0x20c8</load_address>
         <run_address>0x20c8</run_address>
         <size>0x94</size>
         <input_file_ref idref="fl-5"/>
      </object_component>
      <object_component id="oc-15c">
         <name>.text.GPIO_setConfigAndMux</name>
         <load_address>0x215c</load_address>
         <run_address>0x215c</run_address>
         <size>0x90</size>
         <input_file_ref idref="fl-17"/>
      </object_component>
      <object_component id="oc-11d">
         <name>.text.ti_sysbios_knl_Clock_init</name>
         <load_address>0x21ec</load_address>
         <run_address>0x21ec</run_address>
         <size>0x8c</size>
         <input_file_ref idref="fl-5"/>
      </object_component>
      <object_component id="oc-ad">
         <name>.text.mainThread</name>
         <load_address>0x2278</load_address>
         <run_address>0x2278</run_address>
         <size>0x88</size>
         <input_file_ref idref="fl-2"/>
      </object_component>
      <object_component id="oc-205">
         <name>.text.UART2Support_dmaStopTx</name>
         <load_address>0x2300</load_address>
         <run_address>0x2300</run_address>
         <size>0x80</size>
         <input_file_ref idref="fl-1c"/>
      </object_component>
      <object_component id="oc-11a">
         <name>.text.ti_sysbios_family_arm_m3_Hwi_initNVIC</name>
         <load_address>0x2380</load_address>
         <run_address>0x2380</run_address>
         <size>0x80</size>
         <input_file_ref idref="fl-5"/>
      </object_component>
      <object_component id="oc-2c6">
         <name>.text.ti_sysbios_family_arm_m3_Hwi_postInit</name>
         <load_address>0x2400</load_address>
         <run_address>0x2400</run_address>
         <size>0x7c</size>
         <input_file_ref idref="fl-5"/>
      </object_component>
      <object_component id="oc-2a0">
         <name>.text.NOROM_OSCHF_SwitchToRcOscTurnOffXosc</name>
         <load_address>0x247c</load_address>
         <run_address>0x247c</run_address>
         <size>0x78</size>
         <input_file_ref idref="fl-27"/>
      </object_component>
      <object_component id="oc-1e9">
         <name>.text._pthread_removeThreadKeys</name>
         <load_address>0x24f4</load_address>
         <run_address>0x24f4</run_address>
         <size>0x78</size>
         <input_file_ref idref="fl-5"/>
      </object_component>
      <object_component id="oc-264">
         <name>.text.ti_sysbios_knl_Task_postInit</name>
         <load_address>0x256c</load_address>
         <run_address>0x256c</run_address>
         <size>0x78</size>
         <input_file_ref idref="fl-5"/>
      </object_component>
      <object_component id="oc-1c6">
         <name>.text.PowerCC26X2_updateSubSecInc</name>
         <load_address>0x25e4</load_address>
         <run_address>0x25e4</run_address>
         <size>0x74</size>
         <input_file_ref idref="fl-1e"/>
      </object_component>
      <object_component id="oc-c2">
         <name>.text.ti_sysbios_knl_Swi_restoreHwi</name>
         <load_address>0x2658</load_address>
         <run_address>0x2658</run_address>
         <size>0x74</size>
         <input_file_ref idref="fl-5"/>
      </object_component>
      <object_component id="oc-29f">
         <name>.text.ti_sysbios_family_arm_m3_Hwi_Instance_init</name>
         <load_address>0x26cc</load_address>
         <run_address>0x26cc</run_address>
         <size>0x70</size>
         <input_file_ref idref="fl-5"/>
      </object_component>
      <object_component id="oc-195">
         <name>.text.ti_sysbios_knl_Task_startup</name>
         <load_address>0x273c</load_address>
         <run_address>0x273c</run_address>
         <size>0x70</size>
         <input_file_ref idref="fl-5"/>
      </object_component>
      <object_component id="oc-13b">
         <name>.text.oscillatorISR</name>
         <load_address>0x27ac</load_address>
         <run_address>0x27ac</run_address>
         <size>0x6c</size>
         <input_file_ref idref="fl-18"/>
      </object_component>
      <object_component id="oc-91">
         <name>.text.ti_sysbios_family_arm_m3_Hwi_dispatchC</name>
         <load_address>0x2818</load_address>
         <run_address>0x2818</run_address>
         <size>0x6c</size>
         <input_file_ref idref="fl-5"/>
      </object_component>
      <object_component id="oc-2e">
         <name>.text:decompress:lzss</name>
         <load_address>0x2884</load_address>
         <run_address>0x2884</run_address>
         <size>0x6a</size>
         <input_file_ref idref="fl-45"/>
      </object_component>
      <object_component id="oc-172">
         <name>.text.UART2CC26X2_eventCallback</name>
         <load_address>0x28ee</load_address>
         <run_address>0x28ee</run_address>
         <size>0x2</size>
         <input_file_ref idref="fl-1c"/>
      </object_component>
      <object_component id="oc-202">
         <name>.text.UART2Support_dmaStopRx</name>
         <load_address>0x28f0</load_address>
         <run_address>0x28f0</run_address>
         <size>0x68</size>
         <input_file_ref idref="fl-1c"/>
      </object_component>
      <object_component id="oc-114">
         <name>.text.ti_sysbios_knl_Swi_run</name>
         <load_address>0x2958</load_address>
         <run_address>0x2958</run_address>
         <size>0x68</size>
         <input_file_ref idref="fl-5"/>
      </object_component>
      <object_component id="oc-252">
         <name>.text.PowerCC26X2_initiateCalibration</name>
         <load_address>0x29c0</load_address>
         <run_address>0x29c0</run_address>
         <size>0x64</size>
         <input_file_ref idref="fl-19"/>
      </object_component>
      <object_component id="oc-167">
         <name>.text.UDMACC26XX_open</name>
         <load_address>0x2a24</load_address>
         <run_address>0x2a24</run_address>
         <size>0x64</size>
         <input_file_ref idref="fl-22"/>
      </object_component>
      <object_component id="oc-120">
         <name>.text.ti_sysbios_knl_Idle_init</name>
         <load_address>0x2a88</load_address>
         <run_address>0x2a88</run_address>
         <size>0x64</size>
         <input_file_ref idref="fl-5"/>
      </object_component>
      <object_component id="oc-2d1">
         <name>.text.ti_sysbios_knl_TaskSupport_buildTaskStack</name>
         <load_address>0x2aec</load_address>
         <run_address>0x2aec</run_address>
         <size>0x64</size>
         <input_file_ref idref="fl-5"/>
      </object_component>
      <object_component id="oc-290">
         <name>.text.ti_sysbios_heaps_HeapMem_allocUnprotected</name>
         <load_address>0x2b50</load_address>
         <run_address>0x2b50</run_address>
         <size>0x60</size>
         <input_file_ref idref="fl-5"/>
      </object_component>
      <object_component id="oc-23f">
         <name>.text.ti_sysbios_knl_Clock_walkQueueDynamic</name>
         <load_address>0x2bb0</load_address>
         <run_address>0x2bb0</run_address>
         <size>0x60</size>
         <input_file_ref idref="fl-5"/>
      </object_component>
      <object_component id="oc-1ea">
         <name>.text.ti_sysbios_knl_Semaphore_post</name>
         <load_address>0x2c10</load_address>
         <run_address>0x2c10</run_address>
         <size>0x60</size>
         <input_file_ref idref="fl-5"/>
      </object_component>
      <object_component id="oc-288">
         <name>.text.ti_sysbios_knl_Swi_schedule</name>
         <load_address>0x2c70</load_address>
         <run_address>0x2c70</run_address>
         <size>0x60</size>
         <input_file_ref idref="fl-5"/>
      </object_component>
      <object_component id="oc-15b">
         <name>.text.pthread_exit</name>
         <load_address>0x2cd0</load_address>
         <run_address>0x2cd0</run_address>
         <size>0x5c</size>
         <input_file_ref idref="fl-5"/>
      </object_component>
      <object_component id="oc-7e">
         <name>.text.main</name>
         <load_address>0x2d2c</load_address>
         <run_address>0x2d2c</run_address>
         <size>0x58</size>
         <input_file_ref idref="fl-1"/>
      </object_component>
      <object_component id="oc-289">
         <name>.text.ti_sysbios_family_arm_m3_Hwi_initStacks</name>
         <load_address>0x2d84</load_address>
         <run_address>0x2d84</run_address>
         <size>0x58</size>
         <input_file_ref idref="fl-25"/>
      </object_component>
      <object_component id="oc-da">
         <name>.text.Board_shutDownExtFlash</name>
         <load_address>0x2ddc</load_address>
         <run_address>0x2ddc</run_address>
         <size>0x50</size>
         <input_file_ref idref="fl-4"/>
      </object_component>
      <object_component id="oc-295">
         <name>.text.ti_sysbios_knl_Swi_post</name>
         <load_address>0x2e2c</load_address>
         <run_address>0x2e2c</run_address>
         <size>0x50</size>
         <input_file_ref idref="fl-5"/>
      </object_component>
      <object_component id="oc-2bd">
         <name>.text.ti_sysbios_knl_Swi_runLoop</name>
         <load_address>0x2e7c</load_address>
         <run_address>0x2e7c</run_address>
         <size>0x50</size>
         <input_file_ref idref="fl-5"/>
      </object_component>
      <object_component id="oc-14c">
         <name>.text.Board_sendExtFlashByte</name>
         <load_address>0x2ecc</load_address>
         <run_address>0x2ecc</run_address>
         <size>0x4e</size>
         <input_file_ref idref="fl-4"/>
      </object_component>
      <object_component id="oc-28f">
         <name>.text.ti_sysbios_heaps_HeapMem_freeUnprotected</name>
         <load_address>0x2f1a</load_address>
         <run_address>0x2f1a</run_address>
         <size>0x4e</size>
         <input_file_ref idref="fl-5"/>
      </object_component>
      <object_component id="oc-10f">
         <name>.text.BIOS_startFunc</name>
         <load_address>0x2f68</load_address>
         <run_address>0x2f68</run_address>
         <size>0x4c</size>
         <input_file_ref idref="fl-5"/>
      </object_component>
      <object_component id="oc-259">
         <name>.text.NOROM_OSC_HPOSCRelativeFrequencyOffsetGet</name>
         <load_address>0x2fb4</load_address>
         <run_address>0x2fb4</run_address>
         <size>0x4c</size>
         <input_file_ref idref="fl-27"/>
      </object_component>
      <object_component id="oc-1be">
         <name>.text.switchXOSCHF</name>
         <load_address>0x3000</load_address>
         <run_address>0x3000</run_address>
         <size>0x4c</size>
         <input_file_ref idref="fl-18"/>
      </object_component>
      <object_component id="oc-1a4">
         <name>.text.ti_sysbios_knl_Swi_Instance_init</name>
         <load_address>0x304c</load_address>
         <run_address>0x304c</run_address>
         <size>0x4c</size>
         <input_file_ref idref="fl-5"/>
      </object_component>
      <object_component id="oc-11c">
         <name>.text.BIOS_init</name>
         <load_address>0x3098</load_address>
         <run_address>0x3098</run_address>
         <size>0x48</size>
         <input_file_ref idref="fl-5"/>
      </object_component>
      <object_component id="oc-c6">
         <name>.text.NOROM_AUXSYSIFOpModeChange</name>
         <load_address>0x30e0</load_address>
         <run_address>0x30e0</run_address>
         <size>0x48</size>
         <input_file_ref idref="fl-2b"/>
      </object_component>
      <object_component id="oc-178">
         <name>.text.UART2_readFull</name>
         <load_address>0x3128</load_address>
         <run_address>0x3128</run_address>
         <size>0x48</size>
         <input_file_ref idref="fl-1b"/>
      </object_component>
      <object_component id="oc-f7">
         <name>.text.atoi</name>
         <load_address>0x3170</load_address>
         <run_address>0x3170</run_address>
         <size>0x48</size>
         <input_file_ref idref="fl-3e"/>
      </object_component>
      <object_component id="oc-292">
         <name>.text.ti_sysbios_family_arm_cc26xx_Timer_start</name>
         <load_address>0x31b8</load_address>
         <run_address>0x31b8</run_address>
         <size>0x48</size>
         <input_file_ref idref="fl-5"/>
      </object_component>
      <object_component id="oc-231">
         <name>.text.ti_sysbios_heaps_HeapMem_Instance_init</name>
         <load_address>0x3200</load_address>
         <run_address>0x3200</run_address>
         <size>0x48</size>
         <input_file_ref idref="fl-5"/>
      </object_component>
      <object_component id="oc-236">
         <name>.text.ti_sysbios_heaps_HeapMem_alloc</name>
         <load_address>0x3248</load_address>
         <run_address>0x3248</run_address>
         <size>0x48</size>
         <input_file_ref idref="fl-5"/>
      </object_component>
      <object_component id="oc-115">
         <name>.text.ti_sysbios_knl_Task_schedule</name>
         <load_address>0x3290</load_address>
         <run_address>0x3290</run_address>
         <size>0x48</size>
         <input_file_ref idref="fl-5"/>
      </object_component>
      <object_component id="oc-ca">
         <name>.text.ti_sysbios_runtime_Startup_exec</name>
         <load_address>0x32d8</load_address>
         <run_address>0x32d8</run_address>
         <size>0x48</size>
         <input_file_ref idref="fl-5"/>
      </object_component>
      <object_component id="oc-270">
         <name>.text.RingBuf_put</name>
         <load_address>0x3320</load_address>
         <run_address>0x3320</run_address>
         <size>0x46</size>
         <input_file_ref idref="fl-21"/>
      </object_component>
      <object_component id="oc-296">
         <name>.text.__aeabi_ldiv0</name>
         <load_address>0x3366</load_address>
         <run_address>0x3366</run_address>
         <size>0x2</size>
         <input_file_ref idref="fl-ad"/>
      </object_component>
      <object_component id="oc-197">
         <name>.text.BIOS_atExitFunc</name>
         <load_address>0x3368</load_address>
         <run_address>0x3368</run_address>
         <size>0x44</size>
         <input_file_ref idref="fl-5"/>
      </object_component>
      <object_component id="oc-145">
         <name>.text.GPIO_hwiIntFxn</name>
         <load_address>0x33ac</load_address>
         <run_address>0x33ac</run_address>
         <size>0x44</size>
         <input_file_ref idref="fl-1d"/>
      </object_component>
      <object_component id="oc-2b1">
         <name>.text.NOROM_PRCMPowerDomainsAllOff</name>
         <load_address>0x33f0</load_address>
         <run_address>0x33f0</run_address>
         <size>0x44</size>
         <input_file_ref idref="fl-2a"/>
      </object_component>
      <object_component id="oc-1d4">
         <name>.text.NOROM_PRCMPowerDomainsAllOn</name>
         <load_address>0x3434</load_address>
         <run_address>0x3434</run_address>
         <size>0x44</size>
         <input_file_ref idref="fl-2a"/>
      </object_component>
      <object_component id="oc-1b6">
         <name>.text.ti_sysbios_family_arm_m3_Hwi_construct2</name>
         <load_address>0x3478</load_address>
         <run_address>0x3478</run_address>
         <size>0x44</size>
         <input_file_ref idref="fl-5"/>
      </object_component>
      <object_component id="oc-2c5">
         <name>.text.ti_sysbios_family_arm_m3_Hwi_disableInterrupt</name>
         <load_address>0x34bc</load_address>
         <run_address>0x34bc</run_address>
         <size>0x44</size>
         <input_file_ref idref="fl-5"/>
      </object_component>
      <object_component id="oc-2d2">
         <name>.text.ti_sysbios_family_arm_m3_Hwi_enableInterrupt</name>
         <load_address>0x3500</load_address>
         <run_address>0x3500</run_address>
         <size>0x44</size>
         <input_file_ref idref="fl-5"/>
      </object_component>
      <object_component id="oc-22b">
         <name>.text.ti_sysbios_knl_Swi_restore</name>
         <load_address>0x3544</load_address>
         <run_address>0x3544</run_address>
         <size>0x44</size>
         <input_file_ref idref="fl-5"/>
      </object_component>
      <object_component id="oc-135">
         <name>.text.PowerCC26X2_RCOSC_clockFunc</name>
         <load_address>0x3588</load_address>
         <run_address>0x3588</run_address>
         <size>0x40</size>
         <input_file_ref idref="fl-19"/>
      </object_component>
      <object_component id="oc-25e">
         <name>.text.PowerCC26X2_setAclkRefSrc</name>
         <load_address>0x35c8</load_address>
         <run_address>0x35c8</run_address>
         <size>0x40</size>
         <input_file_ref idref="fl-1e"/>
      </object_component>
      <object_component id="oc-186">
         <name>.text.strtok</name>
         <load_address>0x3608</load_address>
         <run_address>0x3608</run_address>
         <size>0x40</size>
         <input_file_ref idref="fl-40"/>
      </object_component>
      <object_component id="oc-233">
         <name>.text.ti_sysbios_heaps_HeapMem_getStats</name>
         <load_address>0x3648</load_address>
         <run_address>0x3648</run_address>
         <size>0x40</size>
         <input_file_ref idref="fl-5"/>
      </object_component>
      <object_component id="oc-24d">
         <name>.text.ti_sysbios_knl_Clock_getTicksUntilInterrupt</name>
         <load_address>0x3688</load_address>
         <run_address>0x3688</run_address>
         <size>0x40</size>
         <input_file_ref idref="fl-5"/>
      </object_component>
      <object_component id="oc-2b5">
         <name>.text.ti_sysbios_knl_Task_exit</name>
         <load_address>0x36c8</load_address>
         <run_address>0x36c8</run_address>
         <size>0x40</size>
         <input_file_ref idref="fl-5"/>
      </object_component>
      <object_component id="oc-14d">
         <name>.text.GPIO_resetConfig</name>
         <load_address>0x3708</load_address>
         <run_address>0x3708</run_address>
         <size>0x3c</size>
         <input_file_ref idref="fl-16"/>
      </object_component>
      <object_component id="oc-12e">
         <name>.text.HwiP_construct</name>
         <load_address>0x3744</load_address>
         <run_address>0x3744</run_address>
         <size>0x3c</size>
         <input_file_ref idref="fl-5"/>
      </object_component>
      <object_component id="oc-2a6">
         <name>.text.NOROM_SysCtrlIdle</name>
         <load_address>0x3780</load_address>
         <run_address>0x3780</run_address>
         <size>0x3c</size>
         <input_file_ref idref="fl-2c"/>
      </object_component>
      <object_component id="oc-25d">
         <name>.text.PowerCC26X2_setTdcClkSrc24M</name>
         <load_address>0x37bc</load_address>
         <run_address>0x37bc</run_address>
         <size>0x3c</size>
         <input_file_ref idref="fl-1e"/>
      </object_component>
      <object_component id="oc-293">
         <name>.text.ti_sysbios_family_arm_cc26xx_Timer_periodicStub</name>
         <load_address>0x37f8</load_address>
         <run_address>0x37f8</run_address>
         <size>0x3c</size>
         <input_file_ref idref="fl-5"/>
      </object_component>
      <object_component id="oc-2bf">
         <name>.text.ti_sysbios_family_arm_cc26xx_Timer_setThreshold</name>
         <load_address>0x3834</load_address>
         <run_address>0x3834</run_address>
         <size>0x3c</size>
         <input_file_ref idref="fl-5"/>
      </object_component>
      <object_component id="oc-1a2">
         <name>.text.ti_sysbios_heaps_HeapMem_construct</name>
         <load_address>0x3870</load_address>
         <run_address>0x3870</run_address>
         <size>0x3c</size>
         <input_file_ref idref="fl-5"/>
      </object_component>
      <object_component id="oc-1a5">
         <name>.text.ti_sysbios_knl_ClockSupport_init</name>
         <load_address>0x38ac</load_address>
         <run_address>0x38ac</run_address>
         <size>0x3c</size>
         <input_file_ref idref="fl-5"/>
      </object_component>
      <object_component id="oc-211">
         <name>.text.ti_sysbios_knl_Task_blockI</name>
         <load_address>0x38e8</load_address>
         <run_address>0x38e8</run_address>
         <size>0x3c</size>
         <input_file_ref idref="fl-5"/>
      </object_component>
      <object_component id="oc-df">
         <name>.text.ti_sysbios_knl_Task_create</name>
         <load_address>0x3924</load_address>
         <run_address>0x3924</run_address>
         <size>0x3c</size>
         <input_file_ref idref="fl-5"/>
      </object_component>
      <object_component id="oc-158">
         <name>.text.ti_sysbios_knl_Task_restore</name>
         <load_address>0x3960</load_address>
         <run_address>0x3960</run_address>
         <size>0x3c</size>
         <input_file_ref idref="fl-5"/>
      </object_component>
      <object_component id="oc-dd">
         <name>.text.ti_sysbios_runtime_Memory_alloc</name>
         <load_address>0x399c</load_address>
         <run_address>0x399c</run_address>
         <size>0x3c</size>
         <input_file_ref idref="fl-5"/>
      </object_component>
      <object_component id="oc-130">
         <name>.text.PowerCC26X2_oscDisableQualifiers</name>
         <load_address>0x39d8</load_address>
         <run_address>0x39d8</run_address>
         <size>0x38</size>
         <input_file_ref idref="fl-1f"/>
      </object_component>
      <object_component id="oc-271">
         <name>.text.RingBuf_putAdvance</name>
         <load_address>0x3a10</load_address>
         <run_address>0x3a10</run_address>
         <size>0x38</size>
         <input_file_ref idref="fl-21"/>
      </object_component>
      <object_component id="oc-209">
         <name>.text.UART2_rxEnable</name>
         <load_address>0x3a48</load_address>
         <run_address>0x3a48</run_address>
         <size>0x38</size>
         <input_file_ref idref="fl-1b"/>
      </object_component>
      <object_component id="oc-266">
         <name>.text.ti_sysbios_knl_Task_processVitalTaskFlag</name>
         <load_address>0x3a80</load_address>
         <run_address>0x3a80</run_address>
         <size>0x38</size>
         <input_file_ref idref="fl-5"/>
      </object_component>
      <object_component id="oc-71">
         <name>.text:__TI_auto_init_nobinit_nopinit</name>
         <load_address>0x3ab8</load_address>
         <run_address>0x3ab8</run_address>
         <size>0x38</size>
         <input_file_ref idref="fl-41"/>
      </object_component>
      <object_component id="oc-1c1">
         <name>.text.PowerCC26X2_setSubSecIncToXoscLf</name>
         <load_address>0x3af0</load_address>
         <run_address>0x3af0</run_address>
         <size>0x34</size>
         <input_file_ref idref="fl-1f"/>
      </object_component>
      <object_component id="oc-1c3">
         <name>.text.Power_releaseConstraint</name>
         <load_address>0x3b24</load_address>
         <run_address>0x3b24</run_address>
         <size>0x34</size>
         <input_file_ref idref="fl-18"/>
      </object_component>
      <object_component id="oc-2b9">
         <name>.text.UART2Support_sendData</name>
         <load_address>0x3b58</load_address>
         <run_address>0x3b58</run_address>
         <size>0x34</size>
         <input_file_ref idref="fl-1c"/>
      </object_component>
      <object_component id="oc-2c3">
         <name>.text._pthread_cleanupFxn</name>
         <load_address>0x3b8c</load_address>
         <run_address>0x3b8c</run_address>
         <size>0x34</size>
         <input_file_ref idref="fl-5"/>
      </object_component>
      <object_component id="oc-1a0">
         <name>.text.ti_sysbios_family_arm_m3_Hwi_getStackInfo</name>
         <load_address>0x3bc0</load_address>
         <run_address>0x3bc0</run_address>
         <size>0x34</size>
         <input_file_ref idref="fl-5"/>
      </object_component>
      <object_component id="oc-121">
         <name>.text.ti_sysbios_family_arm_m3_Hwi_init</name>
         <load_address>0x3bf4</load_address>
         <run_address>0x3bf4</run_address>
         <size>0x34</size>
         <input_file_ref idref="fl-5"/>
      </object_component>
      <object_component id="oc-1b4">
         <name>.text.ti_sysbios_knl_Clock_Instance_init</name>
         <load_address>0x3c28</load_address>
         <run_address>0x3c28</run_address>
         <size>0x34</size>
         <input_file_ref idref="fl-5"/>
      </object_component>
      <object_component id="oc-269">
         <name>.text.ti_sysbios_knl_Task_unblockI</name>
         <load_address>0x3c5c</load_address>
         <run_address>0x3c5c</run_address>
         <size>0x34</size>
         <input_file_ref idref="fl-5"/>
      </object_component>
      <object_component id="oc-153">
         <name>.text.ti_sysbios_runtime_Error_raiseX</name>
         <load_address>0x3c90</load_address>
         <run_address>0x3c90</run_address>
         <size>0x34</size>
         <input_file_ref idref="fl-5"/>
      </object_component>
      <object_component id="oc-26">
         <name>.text:_c_int00</name>
         <load_address>0x3cc4</load_address>
         <run_address>0x3cc4</run_address>
         <size>0x34</size>
         <input_file_ref idref="fl-26"/>
      </object_component>
      <object_component id="oc-2b6">
         <name>.text.ti_sysbios_knl_Semaphore_pendTimeout</name>
         <load_address>0x3cf8</load_address>
         <run_address>0x3cf8</run_address>
         <size>0x32</size>
         <input_file_ref idref="fl-5"/>
      </object_component>
      <object_component id="oc-22d">
         <name>.text._nop</name>
         <load_address>0x3d2a</load_address>
         <run_address>0x3d2a</run_address>
         <size>0x2</size>
         <input_file_ref idref="fl-3b"/>
      </object_component>
      <object_component id="oc-14b">
         <name>.text.Board_wakeUpExtFlash</name>
         <load_address>0x3d2c</load_address>
         <run_address>0x3d2c</run_address>
         <size>0x30</size>
         <input_file_ref idref="fl-4"/>
      </object_component>
      <object_component id="oc-12a">
         <name>.text.ClockP_construct</name>
         <load_address>0x3d5c</load_address>
         <run_address>0x3d5c</run_address>
         <size>0x30</size>
         <input_file_ref idref="fl-5"/>
      </object_component>
      <object_component id="oc-12f">
         <name>.text.Power_setConstraint</name>
         <load_address>0x3d8c</load_address>
         <run_address>0x3d8c</run_address>
         <size>0x30</size>
         <input_file_ref idref="fl-18"/>
      </object_component>
      <object_component id="oc-1c4">
         <name>.text.notify</name>
         <load_address>0x3dbc</load_address>
         <run_address>0x3dbc</run_address>
         <size>0x30</size>
         <input_file_ref idref="fl-18"/>
      </object_component>
      <object_component id="oc-bf">
         <name>.text.ti_sysbios_family_arm_m3_Hwi_excHandlerMin</name>
         <load_address>0x3dec</load_address>
         <run_address>0x3dec</run_address>
         <size>0x30</size>
         <input_file_ref idref="fl-5"/>
      </object_component>
      <object_component id="oc-235">
         <name>.text.ti_sysbios_heaps_HeapMem_free</name>
         <load_address>0x3e1c</load_address>
         <run_address>0x3e1c</run_address>
         <size>0x30</size>
         <input_file_ref idref="fl-5"/>
      </object_component>
      <object_component id="oc-2b2">
         <name>.text.ti_sysbios_knl_TaskSupport_start</name>
         <load_address>0x3e4c</load_address>
         <run_address>0x3e4c</run_address>
         <size>0x30</size>
         <input_file_ref idref="fl-5"/>
      </object_component>
      <object_component id="oc-191">
         <name>.text.ti_sysbios_runtime_System_atexit</name>
         <load_address>0x3e7c</load_address>
         <run_address>0x3e7c</run_address>
         <size>0x30</size>
         <input_file_ref idref="fl-5"/>
      </object_component>
      <object_component id="oc-85">
         <name>.text.ti_sysbios_runtime_System_processAtExit</name>
         <load_address>0x3eac</load_address>
         <run_address>0x3eac</run_address>
         <size>0x30</size>
         <input_file_ref idref="fl-5"/>
      </object_component>
      <object_component id="oc-20b">
         <name>.text.RingBuf_getConsume</name>
         <load_address>0x3edc</load_address>
         <run_address>0x3edc</run_address>
         <size>0x2e</size>
         <input_file_ref idref="fl-21"/>
      </object_component>
      <object_component id="oc-273">
         <name>.text.RingBuf_putPointer</name>
         <load_address>0x3f0a</load_address>
         <run_address>0x3f0a</run_address>
         <size>0x2e</size>
         <input_file_ref idref="fl-21"/>
      </object_component>
      <object_component id="oc-2a1">
         <name>.text.PowerCC26XX_schedulerDisable</name>
         <load_address>0x3f38</load_address>
         <run_address>0x3f38</run_address>
         <size>0x2c</size>
         <input_file_ref idref="fl-5"/>
      </object_component>
      <object_component id="oc-201">
         <name>.text.UART2CC26X2_getRxData</name>
         <load_address>0x3f64</load_address>
         <run_address>0x3f64</run_address>
         <size>0x2c</size>
         <input_file_ref idref="fl-1c"/>
      </object_component>
      <object_component id="oc-276">
         <name>.text.UART2Support_enableInts</name>
         <load_address>0x3f90</load_address>
         <run_address>0x3f90</run_address>
         <size>0x2c</size>
         <input_file_ref idref="fl-1c"/>
      </object_component>
      <object_component id="oc-e1">
         <name>.text._pthread_delete</name>
         <load_address>0x3fbc</load_address>
         <run_address>0x3fbc</run_address>
         <size>0x2c</size>
         <input_file_ref idref="fl-5"/>
      </object_component>
      <object_component id="oc-ff">
         <name>.text.callbackTxn</name>
         <load_address>0x3fe8</load_address>
         <run_address>0x3fe8</run_address>
         <size>0x2c</size>
         <input_file_ref idref="fl-2"/>
      </object_component>
      <object_component id="oc-286">
         <name>.text.ti_sysbios_gates_GateMutex_enter</name>
         <load_address>0x4014</load_address>
         <run_address>0x4014</run_address>
         <size>0x2c</size>
         <input_file_ref idref="fl-5"/>
      </object_component>
      <object_component id="oc-278">
         <name>.text.ti_sysbios_knl_Clock_getTicks</name>
         <load_address>0x4040</load_address>
         <run_address>0x4040</run_address>
         <size>0x2c</size>
         <input_file_ref idref="fl-5"/>
      </object_component>
      <object_component id="oc-c3">
         <name>.text.ti_sysbios_knl_Task_restoreHwi</name>
         <load_address>0x406c</load_address>
         <run_address>0x406c</run_address>
         <size>0x2c</size>
         <input_file_ref idref="fl-5"/>
      </object_component>
      <object_component id="oc-fd">
         <name>.text.usleep</name>
         <load_address>0x4098</load_address>
         <run_address>0x4098</run_address>
         <size>0x2c</size>
         <input_file_ref idref="fl-5"/>
      </object_component>
      <object_component id="oc-253">
         <name>.text.NOROM_OSCHF_TurnOnXosc</name>
         <load_address>0x40c4</load_address>
         <run_address>0x40c4</run_address>
         <size>0x2a</size>
         <input_file_ref idref="fl-27"/>
      </object_component>
      <object_component id="oc-207">
         <name>.text.UART2Support_powerRelConstraint</name>
         <load_address>0x40ee</load_address>
         <run_address>0x40ee</run_address>
         <size>0x2a</size>
         <input_file_ref idref="fl-1c"/>
      </object_component>
      <object_component id="oc-2c2">
         <name>.text.ti_sysbios_family_arm_cc26xx_Timer_setNextTick</name>
         <load_address>0x4118</load_address>
         <run_address>0x4118</run_address>
         <size>0x2a</size>
         <input_file_ref idref="fl-5"/>
      </object_component>
      <object_component id="oc-19a">
         <name>.text.ti_sysbios_knl_Task_allBlockedFunction</name>
         <load_address>0x4142</load_address>
         <run_address>0x4142</run_address>
         <size>0x2a</size>
         <input_file_ref idref="fl-5"/>
      </object_component>
      <object_component id="oc-193">
         <name>.text.BIOS_registerRTSLock</name>
         <load_address>0x416c</load_address>
         <run_address>0x416c</run_address>
         <size>0x28</size>
         <input_file_ref idref="fl-5"/>
      </object_component>
      <object_component id="oc-65">
         <name>.text.ti_sysbios_family_arm_m3_Hwi_excHandlerAsm</name>
         <load_address>0x4194</load_address>
         <run_address>0x4194</run_address>
         <size>0x28</size>
         <input_file_ref idref="fl-24"/>
      </object_component>
      <object_component id="oc-192">
         <name>.text.ti_sysbios_gates_GateMutex_Instance_init</name>
         <load_address>0x41bc</load_address>
         <run_address>0x41bc</run_address>
         <size>0x28</size>
         <input_file_ref idref="fl-5"/>
      </object_component>
      <object_component id="oc-de">
         <name>.text.ti_sysbios_knl_Semaphore_Instance_init</name>
         <load_address>0x41e4</load_address>
         <run_address>0x41e4</run_address>
         <size>0x28</size>
         <input_file_ref idref="fl-5"/>
      </object_component>
      <object_component id="oc-11e">
         <name>.text.ti_sysbios_knl_Swi_init</name>
         <load_address>0x420c</load_address>
         <run_address>0x420c</run_address>
         <size>0x28</size>
         <input_file_ref idref="fl-5"/>
      </object_component>
      <object_component id="oc-19b">
         <name>.text.ti_sysbios_knl_TaskSupport_swap</name>
         <load_address>0x4234</load_address>
         <run_address>0x4234</run_address>
         <size>0x28</size>
         <input_file_ref idref="fl-23"/>
      </object_component>
      <object_component id="oc-157">
         <name>.text.ti_sysbios_knl_Task_construct</name>
         <load_address>0x425c</load_address>
         <run_address>0x425c</run_address>
         <size>0x28</size>
         <input_file_ref idref="fl-5"/>
      </object_component>
      <object_component id="oc-11f">
         <name>.text.ti_sysbios_knl_Task_init</name>
         <load_address>0x4284</load_address>
         <run_address>0x4284</run_address>
         <size>0x28</size>
         <input_file_ref idref="fl-5"/>
      </object_component>
      <object_component id="oc-95">
         <name>.text.NOROM_ThisLibraryIsFor_CC13x2x7_CC26x2x7_HaltIfViolated</name>
         <load_address>0x42ac</load_address>
         <run_address>0x42ac</run_address>
         <size>0x26</size>
         <input_file_ref idref="fl-2d"/>
      </object_component>
      <object_component id="oc-275">
         <name>.text.UART2Support_powerSetConstraint</name>
         <load_address>0x42d2</load_address>
         <run_address>0x42d2</run_address>
         <size>0x26</size>
         <input_file_ref idref="fl-1c"/>
      </object_component>
      <object_component id="oc-199">
         <name>.text.BIOS_removeRTSLock</name>
         <load_address>0x42f8</load_address>
         <run_address>0x42f8</run_address>
         <size>0x24</size>
         <input_file_ref idref="fl-5"/>
      </object_component>
      <object_component id="oc-1f9">
         <name>.text.List_put</name>
         <load_address>0x431c</load_address>
         <run_address>0x431c</run_address>
         <size>0x24</size>
         <input_file_ref idref="fl-20"/>
      </object_component>
      <object_component id="oc-1cc">
         <name>.text.PowerCC26X2_writeCtrim</name>
         <load_address>0x4340</load_address>
         <run_address>0x4340</run_address>
         <size>0x24</size>
         <input_file_ref idref="fl-1e"/>
      </object_component>
      <object_component id="oc-1cd">
         <name>.text.PowerCC26X2_writeCtrimFract</name>
         <load_address>0x4364</load_address>
         <run_address>0x4364</run_address>
         <size>0x24</size>
         <input_file_ref idref="fl-1e"/>
      </object_component>
      <object_component id="oc-1d2">
         <name>.text.PowerCC26X2_writeCtrimFractEn</name>
         <load_address>0x4388</load_address>
         <run_address>0x4388</run_address>
         <size>0x24</size>
         <input_file_ref idref="fl-1e"/>
      </object_component>
      <object_component id="oc-1ce">
         <name>.text.PowerCC26X2_writeRtrim</name>
         <load_address>0x43ac</load_address>
         <run_address>0x43ac</run_address>
         <size>0x24</size>
         <input_file_ref idref="fl-1e"/>
      </object_component>
      <object_component id="oc-16e">
         <name>.text.Power_registerNotify</name>
         <load_address>0x43d0</load_address>
         <run_address>0x43d0</run_address>
         <size>0x24</size>
         <input_file_ref idref="fl-18"/>
      </object_component>
      <object_component id="oc-243">
         <name>.text.ti_sysbios_family_arm_m3_Hwi_construct</name>
         <load_address>0x43f4</load_address>
         <run_address>0x43f4</run_address>
         <size>0x24</size>
         <input_file_ref idref="fl-5"/>
      </object_component>
      <object_component id="oc-159">
         <name>.text.ti_sysbios_knl_Semaphore_destruct</name>
         <load_address>0x4418</load_address>
         <run_address>0x4418</run_address>
         <size>0x24</size>
         <input_file_ref idref="fl-5"/>
      </object_component>
      <object_component id="oc-2b4">
         <name>.text.ti_sysbios_knl_Task_enter</name>
         <load_address>0x443c</load_address>
         <run_address>0x443c</run_address>
         <size>0x24</size>
         <input_file_ref idref="fl-5"/>
      </object_component>
      <object_component id="oc-20a">
         <name>.text.RingBuf_getPointer</name>
         <load_address>0x4460</load_address>
         <run_address>0x4460</run_address>
         <size>0x22</size>
         <input_file_ref idref="fl-21"/>
      </object_component>
      <object_component id="oc-f5">
         <name>.text.UART2_read</name>
         <load_address>0x4482</load_address>
         <run_address>0x4482</run_address>
         <size>0x22</size>
         <input_file_ref idref="fl-1b"/>
      </object_component>
      <object_component id="oc-215">
         <name>.text.strspn</name>
         <load_address>0x44a4</load_address>
         <run_address>0x44a4</run_address>
         <size>0x22</size>
         <input_file_ref idref="fl-4d"/>
      </object_component>
      <object_component id="oc-134">
         <name>.text.emptyClockFunc</name>
         <load_address>0x44c6</load_address>
         <run_address>0x44c6</run_address>
         <size>0x2</size>
         <input_file_ref idref="fl-18"/>
      </object_component>
      <object_component id="oc-248">
         <name>.text.PowerCC26X2_disableTCXOQual</name>
         <load_address>0x44c8</load_address>
         <run_address>0x44c8</run_address>
         <size>0x20</size>
         <input_file_ref idref="fl-1f"/>
      </object_component>
      <object_component id="oc-244">
         <name>.text.PowerCC26X2_enableTCXOQual</name>
         <load_address>0x44e8</load_address>
         <run_address>0x44e8</run_address>
         <size>0x20</size>
         <input_file_ref idref="fl-1f"/>
      </object_component>
      <object_component id="oc-2a2">
         <name>.text.PowerCC26XX_schedulerRestore</name>
         <load_address>0x4508</load_address>
         <run_address>0x4508</run_address>
         <size>0x20</size>
         <input_file_ref idref="fl-5"/>
      </object_component>
      <object_component id="oc-16f">
         <name>.text.SemaphoreP_constructBinary</name>
         <load_address>0x4528</load_address>
         <run_address>0x4528</run_address>
         <size>0x20</size>
         <input_file_ref idref="fl-5"/>
      </object_component>
      <object_component id="oc-219">
         <name>.text.strcspn</name>
         <load_address>0x4548</load_address>
         <run_address>0x4548</run_address>
         <size>0x20</size>
         <input_file_ref idref="fl-4c"/>
      </object_component>
      <object_component id="oc-11b">
         <name>.text.ti_sysbios_family_arm_m3_Hwi_initStack</name>
         <load_address>0x4568</load_address>
         <run_address>0x4568</run_address>
         <size>0x20</size>
         <input_file_ref idref="fl-5"/>
      </object_component>
      <object_component id="oc-15a">
         <name>.text.ti_sysbios_knl_Task_delete</name>
         <load_address>0x4588</load_address>
         <run_address>0x4588</run_address>
         <size>0x20</size>
         <input_file_ref idref="fl-5"/>
      </object_component>
      <object_component id="oc-1e8">
         <name>.text.ti_sysbios_knl_Task_destruct</name>
         <load_address>0x45a8</load_address>
         <run_address>0x45a8</run_address>
         <size>0x20</size>
         <input_file_ref idref="fl-5"/>
      </object_component>
      <object_component id="oc-214">
         <name>.text.UART2_writeTimeout</name>
         <load_address>0x45c8</load_address>
         <run_address>0x45c8</run_address>
         <size>0x1e</size>
         <input_file_ref idref="fl-1b"/>
      </object_component>
      <object_component id="oc-2bc">
         <name>.text.ti_sysbios_family_arm_m3_Hwi_switchAndRunFunc</name>
         <load_address>0x45e6</load_address>
         <run_address>0x45e6</run_address>
         <size>0x1e</size>
         <input_file_ref idref="fl-25"/>
      </object_component>
      <object_component id="oc-229">
         <name>.text.BIOS_rtsLock</name>
         <load_address>0x4604</load_address>
         <run_address>0x4604</run_address>
         <size>0x1c</size>
         <input_file_ref idref="fl-5"/>
      </object_component>
      <object_component id="oc-24e">
         <name>.text.Power_getTransitionLatency</name>
         <load_address>0x4620</load_address>
         <run_address>0x4620</run_address>
         <size>0x1c</size>
         <input_file_ref idref="fl-18"/>
      </object_component>
      <object_component id="oc-241">
         <name>.text.ti_sysbios_knl_Idle_run</name>
         <load_address>0x463c</load_address>
         <run_address>0x463c</run_address>
         <size>0x1c</size>
         <input_file_ref idref="fl-5"/>
      </object_component>
      <object_component id="oc-155">
         <name>.text.ti_sysbios_knl_Queue_put</name>
         <load_address>0x4658</load_address>
         <run_address>0x4658</run_address>
         <size>0x1c</size>
         <input_file_ref idref="fl-5"/>
      </object_component>
      <object_component id="oc-213">
         <name>.text.ti_sysbios_knl_Task_sleepTimeout</name>
         <load_address>0x4674</load_address>
         <run_address>0x4674</run_address>
         <size>0x1a</size>
         <input_file_ref idref="fl-5"/>
      </object_component>
      <object_component id="oc-86">
         <name>.text.ti_sysbios_runtime_System_exitSpin</name>
         <load_address>0x468e</load_address>
         <run_address>0x468e</run_address>
         <size>0x2</size>
         <input_file_ref idref="fl-5"/>
      </object_component>
      <object_component id="oc-110">
         <name>.text.BIOS_exitFunc</name>
         <load_address>0x4690</load_address>
         <run_address>0x4690</run_address>
         <size>0x18</size>
         <input_file_ref idref="fl-5"/>
      </object_component>
      <object_component id="oc-22a">
         <name>.text.BIOS_rtsUnlock</name>
         <load_address>0x46a8</load_address>
         <run_address>0x46a8</run_address>
         <size>0x18</size>
         <input_file_ref idref="fl-5"/>
      </object_component>
      <object_component id="oc-1e3">
         <name>.text.GPIO_disableInt</name>
         <load_address>0x46c0</load_address>
         <run_address>0x46c0</run_address>
         <size>0x18</size>
         <input_file_ref idref="fl-17"/>
      </object_component>
      <object_component id="oc-1bc">
         <name>.text.PowerCC26XX_calibrate</name>
         <load_address>0x46d8</load_address>
         <run_address>0x46d8</run_address>
         <size>0x18</size>
         <input_file_ref idref="fl-18"/>
      </object_component>
      <object_component id="oc-2c4">
         <name>.text.Power_idleFunc</name>
         <load_address>0x46f0</load_address>
         <run_address>0x46f0</run_address>
         <size>0x18</size>
         <input_file_ref idref="fl-18"/>
      </object_component>
[...]
      <symbol id="sm-39e">
         <name>UART2_readTimeout</name>
         <value>0x22d</value>
         <object_component_ref idref="oc-177"/>
      </symbol>
      <symbol id="sm-39f">
         <name>UART2_readFull</name>
         <value>0x3129</value>
         <object_component_ref idref="oc-178"/>
      </symbol>
      <symbol id="sm-3a0">
         <name>UART2_rxEnable</name>
         <value>0x3a49</value>
         <object_component_ref idref="oc-209"/>
      </symbol>
      <symbol id="sm-3a1">
         <name>UART2_write</name>
         <value>0x498f</value>
         <object_component_ref idref="oc-185"/>
      </symbol>
      <symbol id="sm-3a2">
         <name>UART2_writeTimeout</name>
         <value>0x45c9</value>
         <object_component_ref idref="oc-214"/>
      </symbol>
      <symbol id="sm-3a3">
         <name>UART2_writeTimeoutNonblocking</name>
         <value>0xc29</value>
         <object_component_ref idref="oc-279"/>
      </symbol>
      <symbol id="sm-3a4">
         <name>UART2_writeTimeoutBlocking</name>
         <value>0x721</value>
         <object_component_ref idref="oc-27a"/>
      </symbol>
      <symbol id="sm-3ec">
         <name>UART2Support_dmaStopRx</name>
         <value>0x28f1</value>
         <object_component_ref idref="oc-202"/>
      </symbol>
      <symbol id="sm-3ed">
         <name>UART2Support_dmaStartRx</name>
         <value>0x1275</value>
         <object_component_ref idref="oc-204"/>
      </symbol>
      <symbol id="sm-3ee">
         <name>UART2_open</name>
         <value>0x595</value>
         <object_component_ref idref="oc-ee"/>
      </symbol>
      <symbol id="sm-3ef">
         <name>UART2Support_dmaStopTx</name>
         <value>0x2301</value>
         <object_component_ref idref="oc-205"/>
      </symbol>
      <symbol id="sm-3f0">
         <name>UART2Support_dmaStartTx</name>
         <value>0x1939</value>
         <object_component_ref idref="oc-206"/>
      </symbol>
      <symbol id="sm-3f1">
         <name>UART2Support_powerRelConstraint</name>
         <value>0x40ef</value>
         <object_component_ref idref="oc-207"/>
      </symbol>
      <symbol id="sm-3f2">
         <name>UART2Support_disableTx</name>
         <value>0x4a5d</value>
         <object_component_ref idref="oc-2bb"/>
      </symbol>
      <symbol id="sm-3f3">
         <name>UART2Support_powerSetConstraint</name>
         <value>0x42d3</value>
         <object_component_ref idref="oc-275"/>
      </symbol>
      <symbol id="sm-3f4">
         <name>UART2Support_enableInts</name>
         <value>0x3f91</value>
         <object_component_ref idref="oc-276"/>
      </symbol>
      <symbol id="sm-3f5">
         <name>UART2Support_enableRx</name>
         <value>0x4a69</value>
         <object_component_ref idref="oc-277"/>
      </symbol>
      <symbol id="sm-3f6">
         <name>UART2Support_enableTx</name>
         <value>0x4a75</value>
         <object_component_ref idref="oc-2b7"/>
      </symbol>
      <symbol id="sm-3f7">
         <name>UART2Support_sendData</name>
         <value>0x3b59</value>
         <object_component_ref idref="oc-2b9"/>
      </symbol>
      <symbol id="sm-3f8">
         <name>UART2Support_txDone</name>
         <value>0x4941</value>
         <object_component_ref idref="oc-2ba"/>
      </symbol>
      <symbol id="sm-40a">
         <name>GPIO_hwiIntFxn</name>
         <value>0x33ad</value>
         <object_component_ref idref="oc-145"/>
      </symbol>
      <symbol id="sm-40b">
         <name>GPIO_init</name>
         <value>0xf69</value>
         <object_component_ref idref="oc-d4"/>
      </symbol>
      <symbol id="sm-431">
         <name>PowerCC26X2_updateSubSecInc</name>
         <value>0x25e5</value>
         <object_component_ref idref="oc-1c6"/>
      </symbol>
      <symbol id="sm-432">
         <name>PowerCC26X2_readCtrim</name>
         <value>0x48f1</value>
         <object_component_ref idref="oc-1cf"/>
      </symbol>
      <symbol id="sm-433">
         <name>PowerCC26X2_readCtrimFract</name>
         <value>0x4901</value>
         <object_component_ref idref="oc-1d0"/>
      </symbol>
      <symbol id="sm-434">
         <name>PowerCC26X2_readRtrim</name>
         <value>0x4911</value>
         <object_component_ref idref="oc-1d1"/>
      </symbol>
      <symbol id="sm-435">
         <name>PowerCC26X2_writeCtrim</name>
         <value>0x4341</value>
         <object_component_ref idref="oc-1cc"/>
      </symbol>
      <symbol id="sm-436">
         <name>PowerCC26X2_writeCtrimFract</name>
         <value>0x4365</value>
         <object_component_ref idref="oc-1cd"/>
      </symbol>
      <symbol id="sm-437">
         <name>PowerCC26X2_writeCtrimFractEn</name>
         <value>0x4389</value>
         <object_component_ref idref="oc-1d2"/>
      </symbol>
      <symbol id="sm-438">
         <name>PowerCC26X2_writeRtrim</name>
         <value>0x43ad</value>
         <object_component_ref idref="oc-1ce"/>
      </symbol>
      <symbol id="sm-439">
         <name>PowerCC26X2_setTdcClkSrc24M</name>
         <value>0x37bd</value>
         <object_component_ref idref="oc-25d"/>
      </symbol>
      <symbol id="sm-43a">
         <name>PowerCC26X2_setAclkRefSrc</name>
         <value>0x35c9</value>
         <object_component_ref idref="oc-25e"/>
      </symbol>
      <symbol id="sm-46d">
         <name>PowerCC26X2_oscCtlClearXtal</name>
         <value>0x48d1</value>
         <object_component_ref idref="oc-12b"/>
      </symbol>
      <symbol id="sm-46e">
         <name>PowerCC26X2_prcmEnableCacheRetention</name>
         <value>0x48e1</value>
         <object_component_ref idref="oc-2a4"/>
      </symbol>
      <symbol id="sm-46f">
         <name>PowerCC26X2_oschfSwitchToRcosc</name>
         <value>0x4b5b</value>
         <object_component_ref idref="oc-246"/>
      </symbol>
      <symbol id="sm-470">
         <name>PowerCC26X2_oscClockSourceGet</name>
         <value>0x4a21</value>
         <object_component_ref idref="oc-1c2"/>
      </symbol>
      <symbol id="sm-471">
         <name>PowerCC26X2_oscDisableQualifiers</name>
         <value>0x39d9</value>
         <object_component_ref idref="oc-130"/>
      </symbol>
      <symbol id="sm-472">
         <name>PowerCC26X2_oschfTrySwitchToXosc</name>
         <value>0x4b05</value>
         <object_component_ref idref="oc-258"/>
      </symbol>
      <symbol id="sm-473">
         <name>PowerCC26X2_enableTCXOQual</name>
         <value>0x44e9</value>
         <object_component_ref idref="oc-244"/>
      </symbol>
      <symbol id="sm-474">
         <name>PowerCC26X2_disableTCXOQual</name>
         <value>0x44c9</value>
         <object_component_ref idref="oc-248"/>
      </symbol>
      <symbol id="sm-475">
         <name>PowerCC26X2_turnOnXosc</name>
         <value>0x4b63</value>
         <object_component_ref idref="oc-249"/>
      </symbol>
      <symbol id="sm-476">
         <name>PowerCC26X2_switchToTCXO</name>
         <value>0x4921</value>
         <object_component_ref idref="oc-1bd"/>
      </symbol>
      <symbol id="sm-477">
         <name>PowerCC26X2_sysCtrlStandby</name>
         <value>0x4adf</value>
         <object_component_ref idref="oc-2a3"/>
      </symbol>
      <symbol id="sm-478">
         <name>PowerCC26X2_sysCtrlIdle</name>
         <value>0x4b5f</value>
         <object_component_ref idref="oc-250"/>
      </symbol>
      <symbol id="sm-479">
         <name>PowerCC26X2_setPeriphDeepSleepEnable</name>
         <value>0x4a2d</value>
         <object_component_ref idref="oc-2a5"/>
      </symbol>
      <symbol id="sm-47a">
         <name>PowerCC26X2_sysCtrlGetResetSource</name>
         <value>0x4a39</value>
         <object_component_ref idref="oc-124"/>
      </symbol>
      <symbol id="sm-47b">
         <name>PowerCC26X2_setSubSecIncToXoscLf</name>
         <value>0x3af1</value>
         <object_component_ref idref="oc-1c1"/>
      </symbol>
      <symbol id="sm-47c">
         <name>PowerCC26X2_sysCtrlUpdateVoltageRegulator</name>
         <value>0x4a45</value>
         <object_component_ref idref="oc-24b"/>
      </symbol>
      <symbol id="sm-486">
         <name>List_put</name>
         <value>0x431d</value>
         <object_component_ref idref="oc-1f9"/>
      </symbol>
      <symbol id="sm-49c">
         <name>RingBuf_construct</name>
         <value>0x4931</value>
         <object_component_ref idref="oc-162"/>
      </symbol>
      <symbol id="sm-49d">
         <name>RingBuf_getConsume</name>
         <value>0x3edd</value>
         <object_component_ref idref="oc-20b"/>
      </symbol>
      <symbol id="sm-49e">
         <name>RingBuf_getCount</name>
         <value>0x4b6b</value>
         <object_component_ref idref="oc-272"/>
      </symbol>
      <symbol id="sm-49f">
         <name>RingBuf_getPointer</name>
         <value>0x4461</value>
         <object_component_ref idref="oc-20a"/>
      </symbol>
      <symbol id="sm-4a0">
         <name>RingBuf_put</name>
         <value>0x3321</value>
         <object_component_ref idref="oc-270"/>
      </symbol>
      <symbol id="sm-4a1">
         <name>RingBuf_putAdvance</name>
         <value>0x3a11</value>
         <object_component_ref idref="oc-271"/>
      </symbol>
      <symbol id="sm-4a2">
         <name>RingBuf_putPointer</name>
         <value>0x3f0b</value>
         <object_component_ref idref="oc-273"/>
      </symbol>
      <symbol id="sm-4af">
         <name>UDMACC26XX_hwiIntFxn</name>
         <value>0x4af3</value>
         <object_component_ref idref="oc-1ef"/>
      </symbol>
      <symbol id="sm-4b0">
         <name>UDMACC26XX_open</name>
         <value>0x2a25</value>
         <object_component_ref idref="oc-167"/>
      </symbol>
      <symbol id="sm-4b9">
         <name>ti_sysbios_knl_TaskSupport_swap</name>
         <value>0x4235</value>
         <object_component_ref idref="oc-19b"/>
      </symbol>
      <symbol id="sm-4ba">
         <name>ti_sysbios_knl_TaskSupport_glue</name>
         <value>0x4739</value>
         <object_component_ref idref="oc-2d3"/>
      </symbol>
      <symbol id="sm-4bb">
         <name>ti_sysbios_knl_TaskSupport_swapReturn</name>
         <value>0x4240</value>
         <object_component_ref idref="oc-19b"/>
      </symbol>
      <symbol id="sm-4d0">
         <name>ti_sysbios_family_arm_m3_Hwi_dispatch</name>
         <value>0xb0d</value>
         <object_component_ref idref="oc-6a"/>
      </symbol>
      <symbol id="sm-4d1">
         <name>ti_sysbios_family_arm_m3_Hwi_pendSV</name>
         <value>0xbe9</value>
         <object_component_ref idref="oc-6a"/>
      </symbol>
      <symbol id="sm-4d2">
         <name>ti_sysbios_family_arm_m3_Hwi_excHandlerAsm</name>
         <value>0x4195</value>
         <object_component_ref idref="oc-65"/>
      </symbol>
      <symbol id="sm-4d3">
         <name>ti_sysbios_family_arm_m3_Hwi_return</name>
         <value>0xc0c</value>
         <object_component_ref idref="oc-6a"/>
      </symbol>
      <symbol id="sm-4d4">
         <name>ti_sysbios_family_arm_m3_Hwi_interruptsAreDisabledButShouldNotBe</name>
         <value>0xbe4</value>
         <object_component_ref idref="oc-6a"/>
      </symbol>
      <symbol id="sm-4e1">
         <name>ti_sysbios_family_arm_m3_Hwi_switchAndRunFunc</name>
         <value>0x45e7</value>
         <object_component_ref idref="oc-2bc"/>
      </symbol>
      <symbol id="sm-4e2">
         <name>ti_sysbios_family_arm_m3_Hwi_initStacks</name>
         <value>0x2d85</value>
         <object_component_ref idref="oc-289"/>
      </symbol>
      <symbol id="sm-4eb">
         <name>_c_int00</name>
         <value>0x3cc5</value>
         <object_component_ref idref="oc-26"/>
      </symbol>
      <symbol id="sm-4ec">
         <name>__stack</name>
         <value>0x20023a00</value>
         <object_component_ref idref="oc-3e"/>
      </symbol>
      <symbol id="sm-504">
         <name>NOROM_OSCHF_TurnOnXosc</name>
         <value>0x40c5</value>
         <object_component_ref idref="oc-253"/>
      </symbol>
      <symbol id="sm-505">
         <name>NOROM_OSCHF_AttemptToSwitchToXosc</name>
         <value>0x1aad</value>
         <object_component_ref idref="oc-2af"/>
      </symbol>
      <symbol id="sm-506">
         <name>NOROM_OSCHF_SwitchToRcOscTurnOffXosc</name>
         <value>0x247d</value>
         <object_component_ref idref="oc-2a0"/>
      </symbol>
      <symbol id="sm-507">
         <name>_hposcCoeffs</name>
         <value>0x20000c88</value>
         <object_component_ref idref="oc-2b0"/>
      </symbol>
      <symbol id="sm-508">
         <name>NOROM_OSC_HPOSCRelativeFrequencyOffsetGet</name>
         <value>0x2fb5</value>
         <object_component_ref idref="oc-259"/>
      </symbol>
      <symbol id="sm-516">
         <name>NOROM_CPUcpsid</name>
         <value>0x4a09</value>
         <object_component_ref idref="oc-24a"/>
      </symbol>
      <symbol id="sm-517">
         <name>NOROM_CPUcpsie</name>
         <value>0x4a15</value>
         <object_component_ref idref="oc-251"/>
      </symbol>
      <symbol id="sm-518">
         <name>NOROM_CPUdelay</name>
         <value>0x4afd</value>
         <object_component_ref idref="oc-1de"/>
      </symbol>
      <symbol id="sm-525">
         <name>NOROM_SetupTrimDevice</name>
         <value>0x1365</value>
         <object_component_ref idref="oc-6b"/>
      </symbol>
      <symbol id="sm-531">
         <name>NOROM_PRCMPowerDomainsAllOff</name>
         <value>0x33f1</value>
         <object_component_ref idref="oc-2b1"/>
      </symbol>
      <symbol id="sm-532">
         <name>NOROM_PRCMPowerDomainsAllOn</name>
         <value>0x3435</value>
         <object_component_ref idref="oc-1d4"/>
      </symbol>
      <symbol id="sm-53e">
         <name>NOROM_AUXSYSIFOpModeChange</name>
         <value>0x30e1</value>
         <object_component_ref idref="oc-c6"/>
      </symbol>
      <symbol id="sm-54a">
         <name>NOROM_SysCtrlIdle</name>
         <value>0x3781</value>
         <object_component_ref idref="oc-2a6"/>
      </symbol>
      <symbol id="sm-54b">
         <name>NOROM_SysCtrlStandby</name>
         <value>0x106d</value>
         <object_component_ref idref="oc-2cc"/>
      </symbol>
      <symbol id="sm-555">
         <name>NOROM_ThisLibraryIsFor_CC13x2x7_CC26x2x7_HaltIfViolated</name>
         <value>0x42ad</value>
         <object_component_ref idref="oc-95"/>
      </symbol>
      <symbol id="sm-560">
         <name>__aeabi_errno_addr</name>
         <value>0x4b0d</value>
         <object_component_ref idref="oc-17d"/>
      </symbol>
      <symbol id="sm-561">
         <name>__aeabi_errno</name>
         <value>0x20000cb4</value>
         <object_component_ref idref="oc-20d"/>
      </symbol>
      <symbol id="sm-571">
         <name>_nop</name>
         <value>0x3d2b</value>
         <object_component_ref idref="oc-22d"/>
      </symbol>
      <symbol id="sm-572">
         <name>_register_lock</name>
         <value>0x4a8d</value>
         <object_component_ref idref="oc-223"/>
      </symbol>
      <symbol id="sm-573">
         <name>_lock</name>
         <value>0x20000cb8</value>
         <object_component_ref idref="oc-282"/>
      </symbol>
      <symbol id="sm-574">
         <name>_register_unlock</name>
         <value>0x4a99</value>
         <object_component_ref idref="oc-228"/>
      </symbol>
      <symbol id="sm-575">
         <name>_unlock</name>
         <value>0x20000cbc</value>
         <object_component_ref idref="oc-285"/>
      </symbol>
      <symbol id="sm-57f">
         <name>_args_main</name>
         <value>0x4805</value>
         <object_component_ref idref="oc-47"/>
      </symbol>
      <symbol id="sm-58a">
         <name>atoi</name>
         <value>0x3171</value>
         <object_component_ref idref="oc-f7"/>
      </symbol>
      <symbol id="sm-597">
         <name>strtok</name>
         <value>0x3609</value>
         <object_component_ref idref="oc-186"/>
      </symbol>
      <symbol id="sm-5a2">
         <name>__TI_auto_init_nobinit_nopinit</name>
         <value>0x3ab9</value>
         <object_component_ref idref="oc-71"/>
      </symbol>
      <symbol id="sm-5ad">
         <name>__TI_zero_init</name>
         <value>0x4971</value>
         <object_component_ref idref="oc-5f"/>
      </symbol>
      <symbol id="sm-5b6">
         <name>__TI_decompress_none</name>
         <value>0x49d5</value>
         <object_component_ref idref="oc-32"/>
      </symbol>
      <symbol id="sm-5c0">
         <name>__TI_decompress_lzss</name>
         <value>0x2885</value>
         <object_component_ref idref="oc-2e"/>
      </symbol>
      <symbol id="sm-5c6">
         <name>__aeabi_ctype_table_</name>
         <value>0x5170</value>
         <object_component_ref idref="oc-179"/>
      </symbol>
      <symbol id="sm-5c7">
         <name>__aeabi_ctype_table_C</name>
         <value>0x5170</value>
         <object_component_ref idref="oc-179"/>
      </symbol>
      <symbol id="sm-5d0">
         <name>strcspn</name>
         <value>0x4549</value>
         <object_component_ref idref="oc-219"/>
      </symbol>
      <symbol id="sm-5da">
         <name>strspn</name>
         <value>0x44a5</value>
         <object_component_ref idref="oc-215"/>
      </symbol>
      <symbol id="sm-5f8">
         <name>__aeabi_memcpy</name>
         <value>0x4b89</value>
         <object_component_ref idref="oc-52"/>
      </symbol>
      <symbol id="sm-5f9">
         <name>__aeabi_memcpy4</name>
         <value>0x4b89</value>
         <object_component_ref idref="oc-52"/>
      </symbol>
      <symbol id="sm-5fa">
         <name>__aeabi_memcpy8</name>
         <value>0x4b89</value>
         <object_component_ref idref="oc-52"/>
      </symbol>
      <symbol id="sm-600">
         <name>__aeabi_memset</name>
         <value>0x4855</value>
         <object_component_ref idref="oc-8b"/>
      </symbol>
      <symbol id="sm-601">
         <name>__aeabi_memset4</name>
         <value>0x4855</value>
         <object_component_ref idref="oc-8b"/>
      </symbol>
      <symbol id="sm-602">
         <name>__aeabi_memset8</name>
         <value>0x4855</value>
         <object_component_ref idref="oc-8b"/>
      </symbol>
      <symbol id="sm-603">
         <name>__aeabi_memclr</name>
         <value>0x4861</value>
         <object_component_ref idref="oc-8b"/>
      </symbol>
      <symbol id="sm-604">
         <name>__aeabi_memclr4</name>
         <value>0x4861</value>
         <object_component_ref idref="oc-8b"/>
      </symbol>
      <symbol id="sm-605">
         <name>__aeabi_memclr8</name>
         <value>0x4861</value>
         <object_component_ref idref="oc-8b"/>
      </symbol>
      <symbol id="sm-60b">
         <name>__aeabi_uldivmod</name>
         <value>0x4869</value>
         <object_component_ref idref="oc-1a6"/>
      </symbol>
      <symbol id="sm-611">
         <name>__udivmoddi4</name>
         <value>0x1ee1</value>
         <object_component_ref idref="oc-23a"/>
      </symbol>
      <symbol id="sm-61d">
         <name>__aeabi_ldiv0</name>
         <value>0x3367</value>
         <object_component_ref idref="oc-296"/>
      </symbol>
      <symbol id="sm-626">
         <name>TI_memcpy_small</name>
         <value>0x488f</value>
         <object_component_ref idref="oc-b7"/>
      </symbol>
      <symbol id="sm-62e">
         <name>TI_memset_small</name>
         <value>0x49c7</value>
         <object_component_ref idref="oc-108"/>
      </symbol>
      <symbol id="sm-62f">
         <name>__TI_static_base__</name>
         <value>0x0</value>
      </symbol>
      <symbol id="sm-632">
         <name>ITM_flush</name>
         <value>0x0</value>
      </symbol>
      <symbol id="sm-633">
         <name>ITM_restore</name>
         <value>0x0</value>
      </symbol>
      <symbol id="sm-634">
         <name>__mpu_init</name>
         <value>0x0</value>
      </symbol>
   </symbol_table>
   <title>Link successful</title>
</link_info>
